EN/S04_Data_Structures_2/salesCerealsOriginal.csv
WEEK_END_DATE,STORE_NUM,UPC,UNITS,VISITS,HHS,SPEND,PRICE,BASE_PRICE,FEATURE,DISPLAY,TPR_ONLY,DESCRIPTION,CATEGORY,SUB_CATEGORY
2009-01-14,367,1111085319,14,13,13,26.32,1.88,1.88,0,0,0,PL HONEY NUT TOASTD OATS,COLD CEREAL,ALL FAMILY CEREAL
2009-01-21,367,1111085319,12,12,12,22.68,1.89,1.89,0,0,0,PL HONEY NUT TOASTD OATS,COLD CEREAL,ALL FAMILY CEREAL
2009-01-28,367,1111085319,18,17,16,33.66,1.87,1.87,0,0,0,PL HONEY NUT TOASTD OATS,COLD CEREAL,ALL FAMILY CEREAL
2009-02-04,367,1111085319,13,13,13,24.44,1.88,1.88,0,0,0,PL HONEY NUT TOASTD OATS,COLD CEREAL,ALL FAMILY CEREAL
2009-02-11,367,1111085319,16,16,16,29.92,1.87,1.87,0,0,0,PL HONEY NUT TOASTD OATS,COLD CEREAL,ALL FAMILY CEREAL
2009-02-18,367,1111085319,9,5,5,14.49,1.61,1.87,0,0,1,PL HONEY NUT TOASTD OATS,COLD CEREAL,ALL FAMILY CEREAL
2009-02-25,367,1111085319,22,20,20,36.52,1.66,1.87,0,0,1,PL HONEY NUT TOASTD OATS,COLD CEREAL,ALL FAMILY CEREAL
2009-03-04,367,1111085319,2,2,2,3.22,1.61,1.87,0,0,1,PL HONEY NUT TOASTD OATS,COLD CEREAL,ALL FAMILY CEREAL
2009-03-11,367,1111085319,32,25,25,52.8,1.65,1.87,0,0,1,PL HONEY NUT TOASTD OATS,COLD CEREAL,ALL FAMILY CEREAL
2009-03-18,367,1111085319,19,18,18,31.54,1.66,1.87,0,0,1,PL HONEY NUT TOASTD OATS,COLD CEREAL,ALL FAMILY CEREAL
2009-03-25,367,1111085319,29,27,25,47.56,1.64,1.87,0,0,1,PL HONEY NUT TOASTD OATS,COLD CEREAL,ALL FAMILY CEREAL
2009-04-01,367,1111085319,12,12,12,22.56,1.88,1.88,0,0,0,PL HONEY NUT TOASTD OATS,COLD CEREAL,ALL FAMILY CEREAL
2009-04-08,367,1111085319,16,15,15,30.08,1.88,1.88,0,0,0,PL HONEY NUT TOASTD OATS,COLD CEREAL,ALL FAMILY CEREAL
2009-04-15,367,1111085319,17,15,15,32.13,1.89,1.89,0,0,0,PL HONEY NUT TOASTD OATS,COLD CEREAL,ALL FAMILY CEREAL
2009-04-22,367,1111085319,6,5,5,11.34,1.89,1.89,0,0,0,PL HONEY NUT TOASTD OATS,COLD CEREAL,ALL FAMILY CEREAL
2009-04-29,367,1111085319,14,14,14,26.46,1.89,1.89,0,0,0,PL HONEY NUT TOASTD OATS,COLD CEREAL,ALL FAMILY CEREAL
2009-05-06,367,1111085319,31,28,27,51.46,1.66,1.89,1,0,0,PL HONEY NUT TOASTD OATS,COLD CEREAL,ALL FAMILY CEREAL
2009-05-13,367,1111085319,24,20,20,40.08,1.67,1.89,0,0,1,PL HONEY NUT TOASTD OATS,COLD CEREAL,ALL FAMILY CEREAL
2009-05-20,367,1111085319,20,19,19,33.2,1.66,1.89,0,0,1,PL HONEY NUT TOASTD OATS,COLD CEREAL,ALL FAMILY CEREAL
2009-05-27,367,1111085319,22,21,20,36.3,1.65,1.89,0,0,1,PL HONEY NUT TOASTD OATS,COLD CEREAL,ALL FAMILY CEREAL
2009-06-03,367,1111085319,23,21,21,37.72,1.64,1.89,0,0,1,PL HONEY NUT TOASTD OATS,COLD CEREAL,ALL FAMILY CEREAL
2009-06-10,367,1111085319,41,33,32,68.06,1.66,1.89,0,0,1,PL HONEY NUT TOASTD OATS,COLD CEREAL,ALL FAMILY CEREAL
2009-06-17,367,1111085319,34,32,31,56.78,1.67,1.89,0,0,1,PL HONEY NUT TOASTD OATS,COLD CEREAL,ALL FAMILY CEREAL
2009-06-24,367,1111085319,18,15,15,34.02,1.89,1.89,0,0,0,PL HONEY NUT TOASTD OATS,COLD CEREAL,ALL FAMILY CEREAL
2009-07-01,367,1111085319,12,11,11,22.68,1.89,1.89,0,0,0,PL HONEY NUT TOASTD OATS,COLD CEREAL,ALL FAMILY CEREAL
2009-07-08,367,1111085319,15,13,13,28.35,1.89,1.89,0,0,0,PL HONEY NUT TOASTD OATS,COLD CEREAL,ALL FAMILY CEREAL
2009-07-15,367,1111085319,24,23,22,44.88,1.87,1.87,0,0,0,PL HONEY NUT TOASTD OATS,COLD CEREAL,ALL FAMILY CEREAL
2009-07-22,367,1111085319,10,10,9,18.2,1.82,1.82,0,0,0,PL HONEY NUT TOASTD OATS,COLD CEREAL,ALL FAMILY CEREAL
2009-07-29,367,1111085319,13,13,11,24.57,1.89,1.89,0,0,0,PL HONEY NUT TOASTD OATS,COLD CEREAL,ALL FAMILY CEREAL
2009-08-05,367,1111085319,15,14,14,24.9,1.66,1.89,0,0,1,PL HONEY NUT TOASTD OATS,COLD CEREAL,ALL FAMILY CEREAL
2009-08-12,367,1111085319,32,31,30,51.84,1.62,1.89,0,0,1,PL HONEY NUT TOASTD OATS,COLD CEREAL,ALL FAMILY CEREAL
2009-08-19,367,1111085319,22,22,21,36.08,1.64,1.89,1,0,0,PL HONEY NUT TOASTD OATS,COLD CEREAL,ALL FAMILY CEREAL
2009-08-26,367,1111085319,16,16,16,26.72,1.67,1.89,0,0,1,PL HONEY NUT TOASTD OATS,COLD CEREAL,ALL FAMILY CEREAL
2009-09-02,367,1111085319,13,13,13,21.58,1.66,1.89,0,0,1,PL HONEY NUT TOASTD OATS,COLD CEREAL,ALL FAMILY CEREAL
2009-09-09,367,1111085319,22,21,21,36.3,1.65,1.89,0,0,1,PL HONEY NUT TOASTD OATS,COLD CEREAL,ALL FAMILY CEREAL
2009-09-16,367,1111085319,39,35,35,65.13,1.67,1.89,0,0,1,PL HONEY NUT TOASTD OATS,COLD CEREAL,ALL FAMILY CEREAL
2009-09-23,367,1111085319,9,9,9,17.01,1.89,1.89,0,0,0,PL HONEY NUT TOASTD OATS,COLD CEREAL,ALL FAMILY CEREAL
2009-09-30,367,1111085319,5,5,5,9.45,1.89,1.89,0,0,0,PL HONEY NUT TOASTD OATS,COLD CEREAL,ALL FAMILY CEREAL
2009-10-07,367,1111085319,7,7,7,13.23,1.89,1.89,0,0,0,PL HONEY NUT TOASTD OATS,COLD CEREAL,ALL FAMILY CEREAL
2009-10-14,367,1111085319,18,16,16,33.84,1.88,1.88,0,0,0,PL HONEY NUT TOASTD OATS,COLD CEREAL,ALL FAMILY CEREAL
2009-10-21,367,1111085319,5,5,5,9.25,1.85,1.85,0,0,0,PL HONEY NUT TOASTD OATS,COLD CEREAL,ALL FAMILY CEREAL
2009-10-28,367,1111085319,10,10,10,18.9,1.89,1.89,0,0,0,PL HONEY NUT TOASTD OATS,COLD CEREAL,ALL FAMILY CEREAL
2009-11-04,367,1111085319,10,10,10,18.7,1.87,1.87,0,0,0,PL HONEY NUT TOASTD OATS,COLD CEREAL,ALL FAMILY CEREAL
2009-11-11,367,1111085319,22,20,19,41.36,1.88,1.88,0,0,0,PL HONEY NUT TOASTD OATS,COLD CEREAL,ALL FAMILY CEREAL
2009-11-18,367,1111085319,20,20,20,32,1.6,1.88,0,0,1,PL HONEY NUT TOASTD OATS,COLD CEREAL,ALL FAMILY CEREAL
2009-11-25,367,1111085319,19,17,16,31.54,1.66,1.88,0,0,1,PL HONEY NUT TOASTD OATS,COLD CEREAL,ALL FAMILY CEREAL
2009-12-02,367,1111085319,17,16,16,28.05,1.65,1.88,0,0,1,PL HONEY NUT TOASTD OATS,COLD CEREAL,ALL FAMILY CEREAL
2009-12-09,367,1111085319,15,14,14,28.2,1.88,1.88,0,0,0,PL HONEY NUT TOASTD OATS,COLD CEREAL,ALL FAMILY CEREAL
2009-12-16,367,1111085319,9,8,8,16.83,1.87,1.87,0,0,0,PL HONEY NUT TOASTD OATS,COLD CEREAL,ALL FAMILY CEREAL
2009-12-23,367,1111085319,3,3,3,5.67,1.89,1.89,0,0,0,PL HONEY NUT TOASTD OATS,COLD CEREAL,ALL FAMILY CEREAL
2009-12-30,367,1111085319,10,9,9,18.9,1.89,1.89,0,0,0,PL HONEY NUT TOASTD OATS,COLD CEREAL,ALL FAMILY CEREAL
2010-01-06,367,1111085319,12,11,11,22.68,1.89,1.89,0,0,0,PL HONEY NUT TOASTD OATS,COLD CEREAL,ALL FAMILY CEREAL
2010-01-13,367,1111085319,17,16,16,31.96,1.88,1.88,0,0,0,PL HONEY NUT TOASTD OATS,COLD CEREAL,ALL FAMILY CEREAL
2010-01-20,367,1111085319,16,16,16,29.92,1.87,1.87,0,0,0,PL HONEY NUT TOASTD OATS,COLD CEREAL,ALL FAMILY CEREAL
2010-01-27,367,1111085319,12,10,10,22.44,1.87,1.87,0,0,0,PL HONEY NUT TOASTD OATS,COLD CEREAL,ALL FAMILY CEREAL
2010-02-03,367,1111085319,9,8,8,17.01,1.89,1.89,0,0,0,PL HONEY NUT TOASTD OATS,COLD CEREAL,ALL FAMILY CEREAL
2010-02-10,367,1111085319,23,19,19,37.95,1.65,1.89,0,0,1,PL HONEY NUT TOASTD OATS,COLD CEREAL,ALL FAMILY CEREAL
2010-02-17,367,1111085319,26,23,22,43.16,1.66,1.89,0,0,1,PL HONEY NUT TOASTD OATS,COLD CEREAL,ALL FAMILY CEREAL
2010-02-24,367,1111085319,25,21,21,42,1.68,1.89,0,0,1,PL HONEY NUT TOASTD OATS,COLD CEREAL,ALL FAMILY CEREAL
2010-03-03,367,1111085319,9,9,8,15.03,1.67,1.89,0,0,1,PL HONEY NUT TOASTD OATS,COLD CEREAL,ALL FAMILY CEREAL
2010-03-10,367,1111085319,17,16,16,27.88,1.64,1.89,0,0,1,PL HONEY NUT TOASTD OATS,COLD CEREAL,ALL FAMILY CEREAL
2010-03-17,367,1111085319,1,1,1,1.87,1.87,1.87,0,0,0,PL HONEY NUT TOASTD OATS,COLD CEREAL,ALL FAMILY CEREAL
2010-03-24,367,1111085319,7,6,6,13.02,1.86,1.86,0,0,0,PL HONEY NUT TOASTD OATS,COLD CEREAL,ALL FAMILY CEREAL
2010-03-31,367,1111085319,6,5,5,11.16,1.86,1.86,0,0,0,PL HONEY NUT TOASTD OATS,COLD CEREAL,ALL FAMILY CEREAL
2010-04-07,367,1111085319,16,16,16,26.56,1.66,1.86,0,0,1,PL HONEY NUT TOASTD OATS,COLD CEREAL,ALL FAMILY CEREAL
2010-04-14,367,1111085319,31,30,29,51.15,1.65,1.86,0,0,1,PL HONEY NUT TOASTD OATS,COLD CEREAL,ALL FAMILY CEREAL
2010-04-21,367,1111085319,30,26,25,49.5,1.65,1.86,0,0,1,PL HONEY NUT TOASTD OATS,COLD CEREAL,ALL FAMILY CEREAL
2010-04-28,367,1111085319,18,16,16,30.06,1.67,1.86,0,0,1,PL HONEY NUT TOASTD OATS,COLD CEREAL,ALL FAMILY CEREAL
2010-05-05,367,1111085319,8,8,8,14.96,1.87,1.87,0,0,0,PL HONEY NUT TOASTD OATS,COLD CEREAL,ALL FAMILY CEREAL
2010-05-12,367,1111085319,6,5,5,11.28,1.88,1.88,0,0,0,PL HONEY NUT TOASTD OATS,COLD CEREAL,ALL FAMILY CEREAL
2010-05-19,367,1111085319,17,15,14,30.6,1.8,1.8,0,0,0,PL HONEY NUT TOASTD OATS,COLD CEREAL,ALL FAMILY CEREAL
2010-05-26,367,1111085319,10,10,10,18.7,1.87,1.87,0,0,0,PL HONEY NUT TOASTD OATS,COLD CEREAL,ALL FAMILY CEREAL
2010-06-02,367,1111085319,5,5,5,9.25,1.85,1.85,0,0,0,PL HONEY NUT TOASTD OATS,COLD CEREAL,ALL FAMILY CEREAL
2010-06-09,367,1111085319,15,15,14,28.2,1.88,1.88,0,0,0,PL HONEY NUT TOASTD OATS,COLD CEREAL,ALL FAMILY CEREAL
2010-06-16,367,1111085319,13,13,13,24.57,1.89,1.89,0,0,0,PL HONEY NUT TOASTD OATS,COLD CEREAL,ALL FAMILY CEREAL
2010-06-23,367,1111085319,7,7,7,13.02,1.86,1.86,0,0,0,PL HONEY NUT TOASTD OATS,COLD CEREAL,ALL FAMILY CEREAL
2010-06-30,367,1111085319,9,9,9,17.01,1.89,1.89,0,0,0,PL HONEY NUT TOASTD OATS,COLD CEREAL,ALL FAMILY CEREAL
2010-07-07,367,1111085319,12,11,11,22.68,1.89,1.89,0,0,0,PL HONEY NUT TOASTD OATS,COLD CEREAL,ALL FAMILY CEREAL
2010-07-14,367,1111085319,11,11,10,20.79,1.89,1.89,0,0,0,PL HONEY NUT TOASTD OATS,COLD CEREAL,ALL FAMILY CEREAL
2010-07-21,367,1111085319,14,13,13,26.32,1.88,1.88,0,0,0,PL HONEY NUT TOASTD OATS,COLD CEREAL,ALL FAMILY CEREAL
2010-07-28,367,1111085319,13,12,12,24.57,1.89,1.89,0,0,0,PL HONEY NUT TOASTD OATS,COLD CEREAL,ALL FAMILY CEREAL
2010-08-04,367,1111085319,17,17,17,31.79,1.87,1.87,0,0,0,PL HONEY NUT TOASTD OATS,COLD CEREAL,ALL FAMILY CEREAL
2010-08-11,367,1111085319,22,21,20,37.4,1.7,1.7,0,0,0,PL HONEY NUT TOASTD OATS,COLD CEREAL,ALL FAMILY CEREAL
2010-08-18,367,1111085319,17,16,16,32.13,1.89,1.89,0,0,0,PL HONEY NUT TOASTD OATS,COLD CEREAL,ALL FAMILY CEREAL
2010-08-25,367,1111085319,23,21,21,43.47,1.89,1.89,0,0,0,PL HONEY NUT TOASTD OATS,COLD CEREAL,ALL FAMILY CEREAL
2010-09-01,367,1111085319,9,8,8,16.83,1.87,1.87,0,0,0,PL HONEY NUT TOASTD OATS,COLD CEREAL,ALL FAMILY CEREAL
2010-09-08,367,1111085319,23,22,22,43.01,1.87,1.87,0,0,0,PL HONEY NUT TOASTD OATS,COLD CEREAL,ALL FAMILY CEREAL
2010-09-15,367,1111085319,14,13,13,23.66,1.69,1.69,0,0,0,PL HONEY NUT TOASTD OATS,COLD CEREAL,ALL FAMILY CEREAL
2010-09-22,367,1111085319,24,22,22,39.84,1.66,1.66,0,0,0,PL HONEY NUT TOASTD OATS,COLD CEREAL,ALL FAMILY CEREAL
2010-09-29,367,1111085319,22,20,18,35.2,1.6,1.6,0,0,0,PL HONEY NUT TOASTD OATS,COLD CEREAL,ALL FAMILY CEREAL
2010-10-06,367,1111085319,12,10,10,20.28,1.69,1.69,0,0,0,PL HONEY NUT TOASTD OATS,COLD CEREAL,ALL FAMILY CEREAL
2010-10-13,367,1111085319,30,24,24,48,1.6,1.6,0,0,0,PL HONEY NUT TOASTD OATS,COLD CEREAL,ALL FAMILY CEREAL
2010-10-20,367,1111085319,15,15,15,24.9,1.66,1.66,0,0,0,PL HONEY NUT TOASTD OATS,COLD CEREAL,ALL FAMILY CEREAL
2010-10-27,367,1111085319,14,12,12,23.38,1.67,1.67,0,0,0,PL HONEY NUT TOASTD OATS,COLD CEREAL,ALL FAMILY CEREAL
2010-11-03,367,1111085319,7,7,7,11.69,1.67,1.67,0,0,0,PL HONEY NUT TOASTD OATS,COLD CEREAL,ALL FAMILY CEREAL
2010-11-10,367,1111085319,30,23,23,50.1,1.67,1.67,0,0,0,PL HONEY NUT TOASTD OATS,COLD CEREAL,ALL FAMILY CEREAL
2010-11-17,367,1111085319,7,5,5,11.62,1.66,1.66,0,0,0,PL HONEY NUT TOASTD OATS,COLD CEREAL,ALL FAMILY CEREAL
2010-11-24,367,1111085319,14,11,11,23.52,1.68,1.68,0,0,0,PL HONEY NUT TOASTD OATS,COLD CEREAL,ALL FAMILY CEREAL
2010-12-01,367,1111085319,9,7,7,15.03,1.67,1.67,0,0,0,PL HONEY NUT TOASTD OATS,COLD CEREAL,ALL FAMILY CEREAL
2010-12-08,367,1111085319,20,19,19,32.4,1.62,1.62,0,0,0,PL HONEY NUT TOASTD OATS,COLD CEREAL,ALL FAMILY CEREAL
2010-12-15,367,1111085319,22,19,19,36.74,1.67,1.67,0,0,0,PL HONEY NUT TOASTD OATS,COLD CEREAL,ALL FAMILY CEREAL
2010-12-22,367,1111085319,14,13,12,23.1,1.65,1.65,0,0,0,PL HONEY NUT TOASTD OATS,COLD CEREAL,ALL FAMILY CEREAL
2010-12-29,367,1111085319,8,6,6,13.36,1.67,1.67,0,0,0,PL HONEY NUT TOASTD OATS,COLD CEREAL,ALL FAMILY CEREAL
2011-01-05,367,1111085319,25,23,22,41.75,1.67,1.67,0,0,0,PL HONEY NUT TOASTD OATS,COLD CEREAL,ALL FAMILY CEREAL
2011-01-12,367,1111085319,30,25,25,49.8,1.66,1.66,0,0,0,PL HONEY NUT TOASTD OATS,COLD CEREAL,ALL FAMILY CEREAL
2011-01-19,367,1111085319,23,18,18,37.95,1.65,1.65,0,0,0,PL HONEY NUT TOASTD OATS,COLD CEREAL,ALL FAMILY CEREAL
2011-01-26,367,1111085319,24,21,21,39.84,1.66,1.66,0,0,0,PL HONEY NUT TOASTD OATS,COLD CEREAL,ALL FAMILY CEREAL
2011-02-02,367,1111085319,19,17,17,31.73,1.67,1.67,0,0,0,PL HONEY NUT TOASTD OATS,COLD CEREAL,ALL FAMILY CEREAL
2011-02-09,367,1111085319,32,30,30,60.16,1.88,1.88,0,0,0,PL HONEY NUT TOASTD OATS,COLD CEREAL,ALL FAMILY CEREAL
2011-02-16,367,1111085319,34,26,26,63.92,1.88,1.88,0,0,0,PL HONEY NUT TOASTD OATS,COLD CEREAL,ALL FAMILY CEREAL
2011-02-23,367,1111085319,33,25,24,62.37,1.89,1.89,0,0,0,PL HONEY NUT TOASTD OATS,COLD CEREAL,ALL FAMILY CEREAL
2011-03-02,367,1111085319,13,13,13,24.57,1.89,1.89,0,0,0,PL HONEY NUT TOASTD OATS,COLD CEREAL,ALL FAMILY CEREAL
2011-03-09,367,1111085319,26,23,23,43.16,1.66,1.89,0,0,1,PL HONEY NUT TOASTD OATS,COLD CEREAL,ALL FAMILY CEREAL
2011-03-16,367,1111085319,15,13,13,25.05,1.67,1.89,1,0,0,PL HONEY NUT TOASTD OATS,COLD CEREAL,ALL FAMILY CEREAL
2011-03-23,367,1111085319,17,13,13,28.05,1.65,1.89,0,0,1,PL HONEY NUT TOASTD OATS,COLD CEREAL,ALL FAMILY CEREAL
2011-03-30,367,1111085319,14,12,12,23.38,1.67,1.89,1,0,0,PL HONEY NUT TOASTD OATS,COLD CEREAL,ALL FAMILY CEREAL
2011-04-06,367,1111085319,22,20,20,41.14,1.87,1.87,0,0,0,PL HONEY NUT TOASTD OATS,COLD CEREAL,ALL FAMILY CEREAL
2011-04-13,367,1111085319,32,31,30,59.84,1.87,1.87,0,0,0,PL HONEY NUT TOASTD OATS,COLD CEREAL,ALL FAMILY CEREAL
2011-04-20,367,1111085319,15,14,14,27.9,1.86,1.86,0,0,0,PL HONEY NUT TOASTD OATS,COLD CEREAL,ALL FAMILY CEREAL
2011-04-27,367,1111085319,12,12,11,22.56,1.88,1.88,0,0,0,PL HONEY NUT TOASTD OATS,COLD CEREAL,ALL FAMILY CEREAL
2011-05-04,367,1111085319,24,22,21,45.36,1.89,1.89,0,0,0,PL HONEY NUT TOASTD OATS,COLD CEREAL,ALL FAMILY CEREAL
2011-05-11,367,1111085319,32,29,29,60.16,1.88,1.88,0,0,0,PL HONEY NUT TOASTD OATS,COLD CEREAL,ALL FAMILY CEREAL
2011-05-18,367,1111085319,4,4,4,7.52,1.88,1.88,0,0,0,PL HONEY NUT TOASTD OATS,COLD CEREAL,ALL FAMILY CEREAL
2011-05-25,367,1111085319,19,18,18,35.72,1.88,1.88,0,0,0,PL HONEY NUT TOASTD OATS,COLD CEREAL,ALL FAMILY CEREAL
2011-06-01,367,1111085319,16,16,16,30.24,1.89,1.89,0,0,0,PL HONEY NUT TOASTD OATS,COLD CEREAL,ALL FAMILY CEREAL
2011-06-08,367,1111085319,32,32,32,59.84,1.87,1.87,0,0,0,PL HONEY NUT TOASTD OATS,COLD CEREAL,ALL FAMILY CEREAL
2011-06-15,367,1111085319,35,31,31,65.45,1.87,1.87,0,0,0,PL HONEY NUT TOASTD OATS,COLD CEREAL,ALL FAMILY CEREAL
2011-06-22,367,1111085319,24,21,21,44.88,1.87,1.87,0,0,0,PL HONEY NUT TOASTD OATS,COLD CEREAL,ALL FAMILY CEREAL
2011-06-29,367,1111085319,17,16,16,31.28,1.84,1.84,0,0,0,PL HONEY NUT TOASTD OATS,COLD CEREAL,ALL FAMILY CEREAL
2011-07-06,367,1111085319,16,14,14,29.28,1.83,1.83,0,0,0,PL HONEY NUT TOASTD OATS,COLD CEREAL,ALL FAMILY CEREAL
2011-07-13,367,1111085319,33,28,28,62.04,1.88,1.88,0,0,0,PL HONEY NUT TOASTD OATS,COLD CEREAL,ALL FAMILY CEREAL
2011-07-20,367,1111085319,22,17,17,36.96,1.68,1.88,0,0,1,PL HONEY NUT TOASTD OATS,COLD CEREAL,ALL FAMILY CEREAL
2011-07-27,367,1111085319,15,12,12,25.05,1.67,1.88,0,0,1,PL HONEY NUT TOASTD OATS,COLD CEREAL,ALL FAMILY CEREAL
2011-08-03,367,1111085319,16,14,14,26.24,1.64,1.88,0,0,1,PL HONEY NUT TOASTD OATS,COLD CEREAL,ALL FAMILY CEREAL
2011-08-10,367,1111085319,20,19,19,37.4,1.87,1.87,0,0,0,PL HONEY NUT TOASTD OATS,COLD CEREAL,ALL FAMILY CEREAL
2011-08-17,367,1111085319,10,9,9,17,1.7,1.7,0,0,0,PL HONEY NUT TOASTD OATS,COLD CEREAL,ALL FAMILY CEREAL
2011-08-24,367,1111085319,9,9,9,16.83,1.87,1.87,0,0,0,PL HONEY NUT TOASTD OATS,COLD CEREAL,ALL FAMILY CEREAL
2011-08-31,367,1111085319,5,5,5,9.45,1.89,1.89,0,0,0,PL HONEY NUT TOASTD OATS,COLD CEREAL,ALL FAMILY CEREAL
2011-09-07,367,1111085319,22,21,21,41.36,1.88,1.88,0,0,0,PL HONEY NUT TOASTD OATS,COLD CEREAL,ALL FAMILY CEREAL
2011-09-14,367,1111085319,23,22,22,43.47,1.89,1.89,0,0,0,PL HONEY NUT TOASTD OATS,COLD CEREAL,ALL FAMILY CEREAL
2011-09-21,367,1111085319,16,16,16,29.92,1.87,1.87,0,0,0,PL HONEY NUT TOASTD OATS,COLD CEREAL,ALL FAMILY CEREAL
2011-09-28,367,1111085319,19,17,17,35.91,1.89,1.89,0,0,0,PL HONEY NUT TOASTD OATS,COLD CEREAL,ALL FAMILY CEREAL
2011-10-05,367,1111085319,16,14,14,31.84,1.99,1.99,0,0,0,PL HONEY NUT TOASTD OATS,COLD CEREAL,ALL FAMILY CEREAL
2011-10-12,367,1111085319,14,14,14,27.72,1.98,1.98,0,0,0,PL HONEY NUT TOASTD OATS,COLD CEREAL,ALL FAMILY CEREAL
2011-10-19,367,1111085319,14,13,13,27.86,1.99,1.99,0,0,0,PL HONEY NUT TOASTD OATS,COLD CEREAL,ALL FAMILY CEREAL
2011-10-26,367,1111085319,5,5,5,9.75,1.95,1.95,0,0,0,PL HONEY NUT TOASTD OATS,COLD CEREAL,ALL FAMILY CEREAL
2011-11-02,367,1111085319,13,13,13,25.87,1.99,1.99,0,0,0,PL HONEY NUT TOASTD OATS,COLD CEREAL,ALL FAMILY CEREAL
2011-11-09,367,1111085319,16,13,12,31.36,1.96,1.96,0,0,0,PL HONEY NUT TOASTD OATS,COLD CEREAL,ALL FAMILY CEREAL
2011-11-16,367,1111085319,13,12,12,25.35,1.95,1.95,0,0,0,PL HONEY NUT TOASTD OATS,COLD CEREAL,ALL FAMILY CEREAL
2011-11-23,367,1111085319,12,11,11,23.88,1.99,1.99,0,0,0,PL HONEY NUT TOASTD OATS,COLD CEREAL,ALL FAMILY CEREAL
2011-11-30,367,1111085319,8,8,8,15.92,1.99,1.99,0,0,0,PL HONEY NUT TOASTD OATS,COLD CEREAL,ALL FAMILY CEREAL
2011-12-07,367,1111085319,12,12,12,21.84,1.82,1.82,0,0,0,PL HONEY NUT TOASTD OATS,COLD CEREAL,ALL FAMILY CEREAL
2011-12-14,367,1111085319,14,14,14,22.82,1.63,1.82,0,0,1,PL HONEY NUT TOASTD OATS,COLD CEREAL,ALL FAMILY CEREAL
2011-12-21,367,1111085319,8,8,8,13.36,1.67,1.67,0,0,0,PL HONEY NUT TOASTD OATS,COLD CEREAL,ALL FAMILY CEREAL
2011-12-28,367,1111085319,3,2,2,4.95,1.65,1.65,0,0,0,PL HONEY NUT TOASTD OATS,COLD CEREAL,ALL FAMILY CEREAL
2012-01-04,367,1111085319,4,2,2,6.64,1.66,1.66,0,0,0,PL HONEY NUT TOASTD OATS,COLD CEREAL,ALL FAMILY CEREAL
