EN/S04_Data_Structures_2/salesCerealsOriginal.csv
WEEK_END_DATE,STORE_NUM,UPC,UNITS,VISITS,HHS,SPEND,PRICE,BASE_PRICE,FEATURE,DISPLAY,TPR_ONLY,DESCRIPTION,CATEGORY,SUB_CATEGORY
2009-01-14,367,1111085350,35,27,25,69.3,1.98,1.98,0,0,0,PL BT SZ FRSTD SHRD WHT,COLD CEREAL,ALL FAMILY CEREAL
2009-01-21,367,1111085350,33,25,25,66,2,2,0,0,0,PL BT SZ FRSTD SHRD WHT,COLD CEREAL,ALL FAMILY CEREAL
2009-01-28,367,1111085350,30,21,20,60.3,2.01,2.01,0,0,0,PL BT SZ FRSTD SHRD WHT,COLD CEREAL,ALL FAMILY CEREAL
2009-02-04,367,1111085350,38,31,30,75.62,1.99,1.99,0,0,0,PL BT SZ FRSTD SHRD WHT,COLD CEREAL,ALL FAMILY CEREAL
2009-02-11,367,1111085350,38,27,26,74.86,1.97,1.97,0,0,0,PL BT SZ FRSTD SHRD WHT,COLD CEREAL,ALL FAMILY CEREAL
2009-02-18,367,1111085350,15,14,14,35.85,2.39,2.39,0,0,0,PL BT SZ FRSTD SHRD WHT,COLD CEREAL,ALL FAMILY CEREAL
2009-02-25,367,1111085350,17,14,14,40.12,2.36,2.36,0,0,0,PL BT SZ FRSTD SHRD WHT,COLD CEREAL,ALL FAMILY CEREAL
2009-03-04,367,1111085350,15,15,15,35.4,2.36,2.36,0,0,0,PL BT SZ FRSTD SHRD WHT,COLD CEREAL,ALL FAMILY CEREAL
2009-03-11,367,1111085350,22,15,15,52.36,2.38,2.38,0,0,0,PL BT SZ FRSTD SHRD WHT,COLD CEREAL,ALL FAMILY CEREAL
2009-03-18,367,1111085350,17,16,16,40.12,2.36,2.36,0,0,0,PL BT SZ FRSTD SHRD WHT,COLD CEREAL,ALL FAMILY CEREAL
2009-03-25,367,1111085350,15,13,13,35.85,2.39,2.39,0,0,0,PL BT SZ FRSTD SHRD WHT,COLD CEREAL,ALL FAMILY CEREAL
2009-04-01,367,1111085350,21,16,16,42,2,2.39,0,0,1,PL BT SZ FRSTD SHRD WHT,COLD CEREAL,ALL FAMILY CEREAL
2009-04-08,367,1111085350,21,18,18,41.16,1.96,2.39,0,0,1,PL BT SZ FRSTD SHRD WHT,COLD CEREAL,ALL FAMILY CEREAL
2009-04-15,367,1111085350,25,17,17,50,2,2.39,0,0,1,PL BT SZ FRSTD SHRD WHT,COLD CEREAL,ALL FAMILY CEREAL
2009-04-22,367,1111085350,15,12,12,29.85,1.99,2.39,0,0,1,PL BT SZ FRSTD SHRD WHT,COLD CEREAL,ALL FAMILY CEREAL
2009-04-29,367,1111085350,16,13,13,32.32,2.02,2.39,0,0,1,PL BT SZ FRSTD SHRD WHT,COLD CEREAL,ALL FAMILY CEREAL
2009-05-06,367,1111085350,21,18,18,41.79,1.99,2.39,1,0,0,PL BT SZ FRSTD SHRD WHT,COLD CEREAL,ALL FAMILY CEREAL
2009-05-13,367,1111085350,13,12,12,26,2,2.39,0,0,1,PL BT SZ FRSTD SHRD WHT,COLD CEREAL,ALL FAMILY CEREAL
2009-05-20,367,1111085350,15,13,13,34.5,2.3,2.3,0,0,0,PL BT SZ FRSTD SHRD WHT,COLD CEREAL,ALL FAMILY CEREAL
2009-05-27,367,1111085350,8,7,7,18.32,2.29,2.29,0,0,0,PL BT SZ FRSTD SHRD WHT,COLD CEREAL,ALL FAMILY CEREAL
2009-06-03,367,1111085350,15,12,12,35.85,2.39,2.39,0,0,0,PL BT SZ FRSTD SHRD WHT,COLD CEREAL,ALL FAMILY CEREAL
2009-06-10,367,1111085350,22,17,17,51.26,2.33,2.33,0,0,0,PL BT SZ FRSTD SHRD WHT,COLD CEREAL,ALL FAMILY CEREAL
2009-06-17,367,1111085350,14,11,11,33.18,2.37,2.37,0,0,0,PL BT SZ FRSTD SHRD WHT,COLD CEREAL,ALL FAMILY CEREAL
2009-06-24,367,1111085350,37,29,28,73.63,1.99,2.37,0,0,1,PL BT SZ FRSTD SHRD WHT,COLD CEREAL,ALL FAMILY CEREAL
2009-07-01,367,1111085350,40,31,31,80,2,2.37,0,0,1,PL BT SZ FRSTD SHRD WHT,COLD CEREAL,ALL FAMILY CEREAL
2009-07-08,367,1111085350,29,25,24,57.42,1.98,2.37,0,0,1,PL BT SZ FRSTD SHRD WHT,COLD CEREAL,ALL FAMILY CEREAL
2009-07-15,367,1111085350,27,24,24,53.46,1.98,2.37,0,0,1,PL BT SZ FRSTD SHRD WHT,COLD CEREAL,ALL FAMILY CEREAL
2009-07-22,367,1111085350,24,20,20,47.52,1.98,2.37,0,0,1,PL BT SZ FRSTD SHRD WHT,COLD CEREAL,ALL FAMILY CEREAL
2009-07-29,367,1111085350,17,13,13,34,2,2.37,0,0,1,PL BT SZ FRSTD SHRD WHT,COLD CEREAL,ALL FAMILY CEREAL
2009-08-05,367,1111085350,8,8,8,19.12,2.39,2.39,0,0,0,PL BT SZ FRSTD SHRD WHT,COLD CEREAL,ALL FAMILY CEREAL
2009-08-12,367,1111085350,26,23,23,62.14,2.39,2.39,0,0,0,PL BT SZ FRSTD SHRD WHT,COLD CEREAL,ALL FAMILY CEREAL
2009-08-19,367,1111085350,22,22,22,49.72,2.26,2.26,0,0,0,PL BT SZ FRSTD SHRD WHT,COLD CEREAL,ALL FAMILY CEREAL
2009-08-26,367,1111085350,18,16,16,42.66,2.37,2.37,0,0,0,PL BT SZ FRSTD SHRD WHT,COLD CEREAL,ALL FAMILY CEREAL
2009-09-02,367,1111085350,11,8,8,26.29,2.39,2.39,0,0,0,PL BT SZ FRSTD SHRD WHT,COLD CEREAL,ALL FAMILY CEREAL
2009-09-09,367,1111085350,12,12,12,28.68,2.39,2.39,0,0,0,PL BT SZ FRSTD SHRD WHT,COLD CEREAL,ALL FAMILY CEREAL
2009-09-16,367,1111085350,5,5,5,11.5,2.3,2.3,0,0,0,PL BT SZ FRSTD SHRD WHT,COLD CEREAL,ALL FAMILY CEREAL
2009-09-23,367,1111085350,19,16,16,37.62,1.98,2.3,0,0,1,PL BT SZ FRSTD SHRD WHT,COLD CEREAL,ALL FAMILY CEREAL
2009-09-30,367,1111085350,19,17,17,36.48,1.92,2.3,0,0,1,PL BT SZ FRSTD SHRD WHT,COLD CEREAL,ALL FAMILY CEREAL
2009-10-07,367,1111085350,20,17,17,39,1.95,2.3,0,0,1,PL BT SZ FRSTD SHRD WHT,COLD CEREAL,ALL FAMILY CEREAL
2009-10-14,367,1111085350,16,14,14,31.84,1.99,2.3,0,0,1,PL BT SZ FRSTD SHRD WHT,COLD CEREAL,ALL FAMILY CEREAL
2009-10-21,367,1111085350,12,12,12,28.68,2.39,2.39,0,0,0,PL BT SZ FRSTD SHRD WHT,COLD CEREAL,ALL FAMILY CEREAL
2009-10-28,367,1111085350,11,10,10,26.29,2.39,2.39,0,0,0,PL BT SZ FRSTD SHRD WHT,COLD CEREAL,ALL FAMILY CEREAL
2009-11-04,367,1111085350,12,12,12,28.44,2.37,2.37,0,0,0,PL BT SZ FRSTD SHRD WHT,COLD CEREAL,ALL FAMILY CEREAL
2009-11-11,367,1111085350,22,22,21,51.48,2.34,2.34,0,0,0,PL BT SZ FRSTD SHRD WHT,COLD CEREAL,ALL FAMILY CEREAL
2009-11-18,367,1111085350,19,19,18,44.27,2.33,2.33,0,0,0,PL BT SZ FRSTD SHRD WHT,COLD CEREAL,ALL FAMILY CEREAL
2009-11-25,367,1111085350,11,9,8,25.85,2.35,2.35,0,0,0,PL BT SZ FRSTD SHRD WHT,COLD CEREAL,ALL FAMILY CEREAL
2009-12-02,367,1111085350,15,15,14,35.55,2.37,2.37,0,0,0,PL BT SZ FRSTD SHRD WHT,COLD CEREAL,ALL FAMILY CEREAL
2009-12-09,367,1111085350,39,34,34,78.39,2.01,2.37,1,1,0,PL BT SZ FRSTD SHRD WHT,COLD CEREAL,ALL FAMILY CEREAL
2009-12-16,367,1111085350,37,30,29,74,2,2.37,0,1,0,PL BT SZ FRSTD SHRD WHT,COLD CEREAL,ALL FAMILY CEREAL
2009-12-23,367,1111085350,18,14,14,35.64,1.98,2.37,0,0,1,PL BT SZ FRSTD SHRD WHT,COLD CEREAL,ALL FAMILY CEREAL
2009-12-30,367,1111085350,4,4,4,8,2,2.37,0,0,1,PL BT SZ FRSTD SHRD WHT,COLD CEREAL,ALL FAMILY CEREAL
2010-01-06,367,1111085350,18,14,14,36.18,2.01,2.37,0,0,1,PL BT SZ FRSTD SHRD WHT,COLD CEREAL,ALL FAMILY CEREAL
2010-01-13,367,1111085350,34,27,27,68,2,2.37,0,0,1,PL BT SZ FRSTD SHRD WHT,COLD CEREAL,ALL FAMILY CEREAL
2010-01-20,367,1111085350,6,5,5,12,2,2.37,0,0,1,PL BT SZ FRSTD SHRD WHT,COLD CEREAL,ALL FAMILY CEREAL
2010-01-27,367,1111085350,23,20,20,46,2,2.37,0,0,1,PL BT SZ FRSTD SHRD WHT,COLD CEREAL,ALL FAMILY CEREAL
2010-02-03,367,1111085350,17,14,14,40.63,2.39,2.39,0,0,0,PL BT SZ FRSTD SHRD WHT,COLD CEREAL,ALL FAMILY CEREAL
2010-02-10,367,1111085350,20,20,20,47.6,2.38,2.38,0,0,0,PL BT SZ FRSTD SHRD WHT,COLD CEREAL,ALL FAMILY CEREAL
2010-02-17,367,1111085350,26,25,25,60.58,2.33,2.33,0,0,0,PL BT SZ FRSTD SHRD WHT,COLD CEREAL,ALL FAMILY CEREAL
2010-02-24,367,1111085350,12,11,11,27.96,2.33,2.33,0,0,0,PL BT SZ FRSTD SHRD WHT,COLD CEREAL,ALL FAMILY CEREAL
2010-03-03,367,1111085350,17,14,13,40.29,2.37,2.37,0,0,0,PL BT SZ FRSTD SHRD WHT,COLD CEREAL,ALL FAMILY CEREAL
2010-03-10,367,1111085350,16,15,15,37.76,2.36,2.36,0,0,0,PL BT SZ FRSTD SHRD WHT,COLD CEREAL,ALL FAMILY CEREAL
2010-03-17,367,1111085350,12,9,9,23.76,1.98,2.36,0,0,1,PL BT SZ FRSTD SHRD WHT,COLD CEREAL,ALL FAMILY CEREAL
2010-03-24,367,1111085350,13,13,12,26,2,2.36,0,0,1,PL BT SZ FRSTD SHRD WHT,COLD CEREAL,ALL FAMILY CEREAL
2010-03-31,367,1111085350,27,21,21,53.19,1.97,2.36,0,0,1,PL BT SZ FRSTD SHRD WHT,COLD CEREAL,ALL FAMILY CEREAL
2010-04-07,367,1111085350,22,21,21,42.9,1.95,2.36,0,0,1,PL BT SZ FRSTD SHRD WHT,COLD CEREAL,ALL FAMILY CEREAL
2010-04-14,367,1111085350,23,21,21,45.08,1.96,2.36,0,0,1,PL BT SZ FRSTD SHRD WHT,COLD CEREAL,ALL FAMILY CEREAL
2010-04-21,367,1111085350,28,22,21,54.88,1.96,2.36,0,0,1,PL BT SZ FRSTD SHRD WHT,COLD CEREAL,ALL FAMILY CEREAL
2010-04-28,367,1111085350,28,22,22,55.72,1.99,1.99,0,0,0,PL BT SZ FRSTD SHRD WHT,COLD CEREAL,ALL FAMILY CEREAL
2010-05-05,367,1111085350,26,23,23,51.48,1.98,1.98,0,0,0,PL BT SZ FRSTD SHRD WHT,COLD CEREAL,ALL FAMILY CEREAL
2010-05-12,367,1111085350,6,5,5,11.88,1.98,1.98,0,0,0,PL BT SZ FRSTD SHRD WHT,COLD CEREAL,ALL FAMILY CEREAL
2010-05-19,367,1111085350,37,32,32,72.15,1.95,1.95,0,0,0,PL BT SZ FRSTD SHRD WHT,COLD CEREAL,ALL FAMILY CEREAL
2010-05-26,367,1111085350,53,45,45,104.41,1.97,1.95,1,1,0,PL BT SZ FRSTD SHRD WHT,COLD CEREAL,ALL FAMILY CEREAL
2010-06-02,367,1111085350,16,14,14,31.84,1.99,1.99,0,0,0,PL BT SZ FRSTD SHRD WHT,COLD CEREAL,ALL FAMILY CEREAL
2010-06-09,367,1111085350,39,33,33,74.1,1.9,1.99,1,0,0,PL BT SZ FRSTD SHRD WHT,COLD CEREAL,ALL FAMILY CEREAL
2010-06-16,367,1111085350,26,21,20,49.66,1.91,1.91,0,0,0,PL BT SZ FRSTD SHRD WHT,COLD CEREAL,ALL FAMILY CEREAL
2010-06-23,367,1111085350,22,17,17,43.78,1.99,1.99,0,0,0,PL BT SZ FRSTD SHRD WHT,COLD CEREAL,ALL FAMILY CEREAL
2010-06-30,367,1111085350,13,13,13,30.81,2.37,2.37,0,0,0,PL BT SZ FRSTD SHRD WHT,COLD CEREAL,ALL FAMILY CEREAL
2010-07-07,367,1111085350,20,18,18,46.6,2.33,2.33,0,0,0,PL BT SZ FRSTD SHRD WHT,COLD CEREAL,ALL FAMILY CEREAL
2010-07-14,367,1111085350,7,7,7,16.52,2.36,2.36,0,0,0,PL BT SZ FRSTD SHRD WHT,COLD CEREAL,ALL FAMILY CEREAL
2010-07-21,367,1111085350,13,13,13,31.07,2.39,2.39,0,0,0,PL BT SZ FRSTD SHRD WHT,COLD CEREAL,ALL FAMILY CEREAL
2010-07-28,367,1111085350,1,1,1,2.39,2.39,2.39,0,0,0,PL BT SZ FRSTD SHRD WHT,COLD CEREAL,ALL FAMILY CEREAL
2010-08-04,367,1111085350,11,11,11,26.29,2.39,2.39,0,0,0,PL BT SZ FRSTD SHRD WHT,COLD CEREAL,ALL FAMILY CEREAL
2010-08-11,367,1111085350,33,27,27,65.01,1.97,2.39,1,0,0,PL BT SZ FRSTD SHRD WHT,COLD CEREAL,ALL FAMILY CEREAL
2010-08-18,367,1111085350,20,16,16,47.6,2.38,2.38,0,0,0,PL BT SZ FRSTD SHRD WHT,COLD CEREAL,ALL FAMILY CEREAL
2010-08-25,367,1111085350,15,13,13,35.4,2.36,2.36,0,0,0,PL BT SZ FRSTD SHRD WHT,COLD CEREAL,ALL FAMILY CEREAL
2010-09-01,367,1111085350,26,22,21,50.7,1.95,2.36,0,0,1,PL BT SZ FRSTD SHRD WHT,COLD CEREAL,ALL FAMILY CEREAL
2010-09-08,367,1111085350,28,27,27,54.6,1.95,2.36,0,0,1,PL BT SZ FRSTD SHRD WHT,COLD CEREAL,ALL FAMILY CEREAL
2010-09-15,367,1111085350,24,22,22,47.76,1.99,2.36,0,0,1,PL BT SZ FRSTD SHRD WHT,COLD CEREAL,ALL FAMILY CEREAL
2010-09-22,367,1111085350,29,24,24,57.42,1.98,2.36,0,0,1,PL BT SZ FRSTD SHRD WHT,COLD CEREAL,ALL FAMILY CEREAL
2010-09-29,367,1111085350,20,16,16,47.6,2.38,2.38,0,0,0,PL BT SZ FRSTD SHRD WHT,COLD CEREAL,ALL FAMILY CEREAL
2010-10-06,367,1111085350,24,22,22,45.12,1.88,2.38,0,0,1,PL BT SZ FRSTD SHRD WHT,COLD CEREAL,ALL FAMILY CEREAL
2010-10-13,367,1111085350,15,14,14,29.1,1.94,2.38,0,0,1,PL BT SZ FRSTD SHRD WHT,COLD CEREAL,ALL FAMILY CEREAL
2010-10-20,367,1111085350,18,16,16,35.28,1.96,2.38,0,0,1,PL BT SZ FRSTD SHRD WHT,COLD CEREAL,ALL FAMILY CEREAL
2010-10-27,367,1111085350,22,18,18,43.34,1.97,2.38,1,0,0,PL BT SZ FRSTD SHRD WHT,COLD CEREAL,ALL FAMILY CEREAL
2010-11-03,367,1111085350,13,13,13,25.87,1.99,2.38,0,0,1,PL BT SZ FRSTD SHRD WHT,COLD CEREAL,ALL FAMILY CEREAL
2010-11-10,367,1111085350,19,16,14,37.43,1.97,2.38,0,0,1,PL BT SZ FRSTD SHRD WHT,COLD CEREAL,ALL FAMILY CEREAL
2010-11-17,367,1111085350,11,10,10,20.02,1.82,2.38,0,0,1,PL BT SZ FRSTD SHRD WHT,COLD CEREAL,ALL FAMILY CEREAL
2010-11-24,367,1111085350,10,8,8,19.8,1.98,1.98,0,0,0,PL BT SZ FRSTD SHRD WHT,COLD CEREAL,ALL FAMILY CEREAL
2010-12-01,367,1111085350,12,10,10,22.92,1.91,1.91,0,0,0,PL BT SZ FRSTD SHRD WHT,COLD CEREAL,ALL FAMILY CEREAL
2010-12-08,367,1111085350,15,12,12,30,2,2,0,0,0,PL BT SZ FRSTD SHRD WHT,COLD CEREAL,ALL FAMILY CEREAL
2010-12-15,367,1111085350,18,15,15,35.82,1.99,1.99,0,0,0,PL BT SZ FRSTD SHRD WHT,COLD CEREAL,ALL FAMILY CEREAL
2010-12-22,367,1111085350,9,8,8,17.91,1.99,1.99,0,0,0,PL BT SZ FRSTD SHRD WHT,COLD CEREAL,ALL FAMILY CEREAL
2010-12-29,367,1111085350,7,7,7,13.93,1.99,1.99,0,0,0,PL BT SZ FRSTD SHRD WHT,COLD CEREAL,ALL FAMILY CEREAL
2011-01-05,367,1111085350,17,15,15,33.66,1.98,1.98,0,0,0,PL BT SZ FRSTD SHRD WHT,COLD CEREAL,ALL FAMILY CEREAL
2011-01-12,367,1111085350,12,11,11,23.64,1.97,1.97,0,0,0,PL BT SZ FRSTD SHRD WHT,COLD CEREAL,ALL FAMILY CEREAL
2011-01-19,367,1111085350,18,16,16,35.82,1.99,1.99,0,0,0,PL BT SZ FRSTD SHRD WHT,COLD CEREAL,ALL FAMILY CEREAL
2011-01-26,367,1111085350,14,14,14,27.72,1.98,1.98,0,0,0,PL BT SZ FRSTD SHRD WHT,COLD CEREAL,ALL FAMILY CEREAL
2011-02-02,367,1111085350,17,16,16,33.66,1.98,1.98,0,0,0,PL BT SZ FRSTD SHRD WHT,COLD CEREAL,ALL FAMILY CEREAL
2011-02-09,367,1111085350,15,14,14,37.05,2.47,2.47,0,0,0,PL BT SZ FRSTD SHRD WHT,COLD CEREAL,ALL FAMILY CEREAL
2011-02-16,367,1111085350,15,12,12,36.6,2.44,2.44,0,0,0,PL BT SZ FRSTD SHRD WHT,COLD CEREAL,ALL FAMILY CEREAL
2011-02-23,367,1111085350,9,8,8,22.41,2.49,2.49,0,0,0,PL BT SZ FRSTD SHRD WHT,COLD CEREAL,ALL FAMILY CEREAL
2011-03-02,367,1111085350,12,11,11,29.88,2.49,2.49,0,0,0,PL BT SZ FRSTD SHRD WHT,COLD CEREAL,ALL FAMILY CEREAL
2011-03-09,367,1111085350,21,20,20,52.29,2.49,2.49,0,0,0,PL BT SZ FRSTD SHRD WHT,COLD CEREAL,ALL FAMILY CEREAL
2011-03-16,367,1111085350,16,13,13,39.36,2.46,2.46,0,0,0,PL BT SZ FRSTD SHRD WHT,COLD CEREAL,ALL FAMILY CEREAL
2011-03-23,367,1111085350,17,18,18,42.16,2.48,2.48,0,0,0,PL BT SZ FRSTD SHRD WHT,COLD CEREAL,ALL FAMILY CEREAL
2011-03-30,367,1111085350,17,15,15,42.33,2.49,2.49,0,0,0,PL BT SZ FRSTD SHRD WHT,COLD CEREAL,ALL FAMILY CEREAL
2011-04-06,367,1111085350,38,30,30,76.76,2.02,2.49,0,0,1,PL BT SZ FRSTD SHRD WHT,COLD CEREAL,ALL FAMILY CEREAL
2011-04-13,367,1111085350,25,22,21,48.75,1.95,2.49,0,0,1,PL BT SZ FRSTD SHRD WHT,COLD CEREAL,ALL FAMILY CEREAL
2011-04-20,367,1111085350,30,24,24,59.7,1.99,2.49,0,0,1,PL BT SZ FRSTD SHRD WHT,COLD CEREAL,ALL FAMILY CEREAL
2011-04-27,367,1111085350,28,23,23,55.72,1.99,2.49,0,0,1,PL BT SZ FRSTD SHRD WHT,COLD CEREAL,ALL FAMILY CEREAL
2011-05-04,367,1111085350,14,13,13,34.44,2.46,2.46,0,0,0,PL BT SZ FRSTD SHRD WHT,COLD CEREAL,ALL FAMILY CEREAL
2011-05-11,367,1111085350,14,13,12,34.02,2.43,2.43,0,0,0,PL BT SZ FRSTD SHRD WHT,COLD CEREAL,ALL FAMILY CEREAL
2011-05-18,367,1111085350,12,10,10,29.88,2.49,2.49,0,0,0,PL BT SZ FRSTD SHRD WHT,COLD CEREAL,ALL FAMILY CEREAL
2011-05-25,367,1111085350,31,24,24,61.07,1.97,2.49,1,1,0,PL BT SZ FRSTD SHRD WHT,COLD CEREAL,ALL FAMILY CEREAL
2011-06-01,367,1111085350,37,29,29,74.37,2.01,2.49,1,0,0,PL BT SZ FRSTD SHRD WHT,COLD CEREAL,ALL FAMILY CEREAL
2011-06-08,367,1111085350,28,22,22,55.72,1.99,2.49,1,0,0,PL BT SZ FRSTD SHRD WHT,COLD CEREAL,ALL FAMILY CEREAL
2011-06-15,367,1111085350,38,31,31,75.24,1.98,2.49,0,0,1,PL BT SZ FRSTD SHRD WHT,COLD CEREAL,ALL FAMILY CEREAL
2011-06-22,367,1111085350,8,8,8,18.96,2.37,2.37,0,0,0,PL BT SZ FRSTD SHRD WHT,COLD CEREAL,ALL FAMILY CEREAL
2011-06-29,367,1111085350,15,13,13,36.9,2.46,2.46,0,0,0,PL BT SZ FRSTD SHRD WHT,COLD CEREAL,ALL FAMILY CEREAL
2011-07-06,367,1111085350,16,14,14,38.88,2.43,2.43,0,0,0,PL BT SZ FRSTD SHRD WHT,COLD CEREAL,ALL FAMILY CEREAL
2011-07-13,367,1111085350,18,17,17,44.64,2.48,2.48,0,0,0,PL BT SZ FRSTD SHRD WHT,COLD CEREAL,ALL FAMILY CEREAL
2011-07-20,367,1111085350,11,11,11,27.17,2.47,2.47,0,0,0,PL BT SZ FRSTD SHRD WHT,COLD CEREAL,ALL FAMILY CEREAL
2011-07-27,367,1111085350,12,10,10,29.88,2.49,2.49,0,0,0,PL BT SZ FRSTD SHRD WHT,COLD CEREAL,ALL FAMILY CEREAL
2011-08-03,367,1111085350,16,14,13,39.52,2.47,2.47,0,0,0,PL BT SZ FRSTD SHRD WHT,COLD CEREAL,ALL FAMILY CEREAL
2011-08-10,367,1111085350,4,4,4,9.88,2.47,2.47,0,0,0,PL BT SZ FRSTD SHRD WHT,COLD CEREAL,ALL FAMILY CEREAL
2011-08-17,367,1111085350,7,7,7,14.91,2.13,2.47,0,0,1,PL BT SZ FRSTD SHRD WHT,COLD CEREAL,ALL FAMILY CEREAL
2011-08-24,367,1111085350,10,9,9,21.7,2.17,2.47,0,0,1,PL BT SZ FRSTD SHRD WHT,COLD CEREAL,ALL FAMILY CEREAL
2011-08-31,367,1111085350,12,11,11,29.88,2.49,2.49,0,0,0,PL BT SZ FRSTD SHRD WHT,COLD CEREAL,ALL FAMILY CEREAL
2011-09-07,367,1111085350,17,16,16,41.99,2.47,2.47,0,0,0,PL BT SZ FRSTD SHRD WHT,COLD CEREAL,ALL FAMILY CEREAL
2011-09-14,367,1111085350,19,14,14,46.74,2.46,2.46,0,0,0,PL BT SZ FRSTD SHRD WHT,COLD CEREAL,ALL FAMILY CEREAL
2011-09-21,367,1111085350,19,16,15,47.31,2.49,2.49,0,0,0,PL BT SZ FRSTD SHRD WHT,COLD CEREAL,ALL FAMILY CEREAL
2011-09-28,367,1111085350,17,17,16,42.16,2.48,2.48,0,0,0,PL BT SZ FRSTD SHRD WHT,COLD CEREAL,ALL FAMILY CEREAL
2011-10-05,367,1111085350,18,18,18,44.64,2.48,2.48,0,0,0,PL BT SZ FRSTD SHRD WHT,COLD CEREAL,ALL FAMILY CEREAL
2011-10-12,367,1111085350,15,15,15,37.05,2.47,2.47,0,0,0,PL BT SZ FRSTD SHRD WHT,COLD CEREAL,ALL FAMILY CEREAL
2011-10-19,367,1111085350,12,12,11,29.4,2.45,2.45,0,0,0,PL BT SZ FRSTD SHRD WHT,COLD CEREAL,ALL FAMILY CEREAL
2011-10-26,367,1111085350,25,21,21,62,2.48,2.48,0,0,0,PL BT SZ FRSTD SHRD WHT,COLD CEREAL,ALL FAMILY CEREAL
2011-11-02,367,1111085350,19,19,19,46.55,2.45,2.45,0,0,0,PL BT SZ FRSTD SHRD WHT,COLD CEREAL,ALL FAMILY CEREAL
2011-11-09,367,1111085350,21,19,19,51.87,2.47,2.47,0,0,0,PL BT SZ FRSTD SHRD WHT,COLD CEREAL,ALL FAMILY CEREAL
2011-11-16,367,1111085350,27,19,19,54,2,2.47,0,0,1,PL BT SZ FRSTD SHRD WHT,COLD CEREAL,ALL FAMILY CEREAL
2011-11-23,367,1111085350,28,23,22,54.6,1.95,2.47,0,0,1,PL BT SZ FRSTD SHRD WHT,COLD CEREAL,ALL FAMILY CEREAL
2011-11-30,367,1111085350,15,12,12,28.05,1.87,2.47,0,0,1,PL BT SZ FRSTD SHRD WHT,COLD CEREAL,ALL FAMILY CEREAL
2011-12-07,367,1111085350,27,22,22,52.65,1.95,2.47,0,0,1,PL BT SZ FRSTD SHRD WHT,COLD CEREAL,ALL FAMILY CEREAL
2011-12-14,367,1111085350,18,15,15,43.74,2.43,2.43,0,0,0,PL BT SZ FRSTD SHRD WHT,COLD CEREAL,ALL FAMILY CEREAL
2011-12-21,367,1111085350,20,18,18,49,2.45,2.45,0,0,0,PL BT SZ FRSTD SHRD WHT,COLD CEREAL,ALL FAMILY CEREAL
2011-12-28,367,1111085350,1,1,1,2.49,2.49,2.49,0,0,0,PL BT SZ FRSTD SHRD WHT,COLD CEREAL,ALL FAMILY CEREAL
2012-01-04,367,1111085350,1,1,1,2.49,2.49,2.49,0,0,0,PL BT SZ FRSTD SHRD WHT,COLD CEREAL,ALL FAMILY CEREAL
