EN/S04_Data_Structures_2/salesCerealsOriginal.csv
WEEK_END_DATE,STORE_NUM,UPC,UNITS,VISITS,HHS,SPEND,PRICE,BASE_PRICE,FEATURE,DISPLAY,TPR_ONLY,DESCRIPTION,CATEGORY,SUB_CATEGORY
2009-01-14,367,1600027528,31,26,19,142.29,4.59,4.59,0,0,0,GM CHEERIOS,COLD CEREAL,ALL FAMILY CEREAL
2009-01-21,367,1600027528,24,19,11,110.16,4.59,4.59,0,0,0,GM CHEERIOS,COLD CEREAL,ALL FAMILY CEREAL
2009-01-28,367,1600027528,27,21,7,123.93,4.59,4.59,0,0,0,GM CHEERIOS,COLD CEREAL,ALL FAMILY CEREAL
2009-02-04,367,1600027528,28,24,13,128.52,4.59,4.59,0,0,0,GM CHEERIOS,COLD CEREAL,ALL FAMILY CEREAL
2009-02-11,367,1600027528,101,84,69,288.86,2.86,4.59,0,1,0,GM CHEERIOS,COLD CEREAL,ALL FAMILY CEREAL
2009-02-18,367,1600027528,55,44,40,146.85,2.67,4.59,0,1,0,GM CHEERIOS,COLD CEREAL,ALL FAMILY CEREAL
2009-02-25,367,1600027528,27,24,12,123.93,4.59,4.59,0,0,0,GM CHEERIOS,COLD CEREAL,ALL FAMILY CEREAL
2009-03-04,367,1600027528,24,23,17,110.16,4.59,4.59,0,0,0,GM CHEERIOS,COLD CEREAL,ALL FAMILY CEREAL
2009-03-11,367,1600027528,16,15,9,73.44,4.59,4.59,0,0,0,GM CHEERIOS,COLD CEREAL,ALL FAMILY CEREAL
2009-03-18,367,1600027528,16,13,8,73.44,4.59,4.59,0,0,0,GM CHEERIOS,COLD CEREAL,ALL FAMILY CEREAL
2009-03-25,367,1600027528,28,26,13,128.52,4.59,4.59,0,0,0,GM CHEERIOS,COLD CEREAL,ALL FAMILY CEREAL
2009-04-01,367,1600027528,26,23,13,119.34,4.59,4.59,0,0,0,GM CHEERIOS,COLD CEREAL,ALL FAMILY CEREAL
2009-04-08,367,1600027528,18,13,8,82.62,4.59,4.59,0,0,0,GM CHEERIOS,COLD CEREAL,ALL FAMILY CEREAL
2009-04-15,367,1600027528,28,24,13,128.52,4.59,4.59,0,0,0,GM CHEERIOS,COLD CEREAL,ALL FAMILY CEREAL
2009-04-22,367,1600027528,25,17,9,114.75,4.59,4.59,0,0,0,GM CHEERIOS,COLD CEREAL,ALL FAMILY CEREAL
2009-04-29,367,1600027528,20,18,11,91.8,4.59,4.59,0,0,0,GM CHEERIOS,COLD CEREAL,ALL FAMILY CEREAL
2009-05-06,367,1600027528,29,25,10,133.11,4.59,4.59,0,0,0,GM CHEERIOS,COLD CEREAL,ALL FAMILY CEREAL
2009-05-13,367,1600027528,27,21,14,123.93,4.59,4.59,0,0,0,GM CHEERIOS,COLD CEREAL,ALL FAMILY CEREAL
2009-05-20,367,1600027528,14,12,8,64.26,4.59,4.59,0,0,0,GM CHEERIOS,COLD CEREAL,ALL FAMILY CEREAL
2009-05-27,367,1600027528,36,27,7,165.24,4.59,4.59,0,0,0,GM CHEERIOS,COLD CEREAL,ALL FAMILY CEREAL
2009-06-03,367,1600027528,24,22,10,110.16,4.59,4.59,0,0,0,GM CHEERIOS,COLD CEREAL,ALL FAMILY CEREAL
2009-06-10,367,1600027528,29,24,15,133.11,4.59,4.59,0,0,0,GM CHEERIOS,COLD CEREAL,ALL FAMILY CEREAL
2009-06-17,367,1600027528,24,19,12,110.16,4.59,4.59,0,0,0,GM CHEERIOS,COLD CEREAL,ALL FAMILY CEREAL
2009-06-24,367,1600027528,20,18,12,91.8,4.59,4.59,0,0,0,GM CHEERIOS,COLD CEREAL,ALL FAMILY CEREAL
2009-07-01,367,1600027528,148,106,90,414.4,2.8,4.59,1,1,0,GM CHEERIOS,COLD CEREAL,ALL FAMILY CEREAL
2009-07-08,367,1600027528,87,73,61,247.95,2.85,4.59,1,1,0,GM CHEERIOS,COLD CEREAL,ALL FAMILY CEREAL
2009-07-15,367,1600027528,22,19,11,100.98,4.59,4.59,0,0,0,GM CHEERIOS,COLD CEREAL,ALL FAMILY CEREAL
2009-07-22,367,1600027528,31,25,12,142.29,4.59,4.59,0,0,0,GM CHEERIOS,COLD CEREAL,ALL FAMILY CEREAL
2009-07-29,367,1600027528,35,27,12,160.65,4.59,4.59,0,0,0,GM CHEERIOS,COLD CEREAL,ALL FAMILY CEREAL
2009-08-05,367,1600027528,39,30,10,179.01,4.59,4.59,0,0,0,GM CHEERIOS,COLD CEREAL,ALL FAMILY CEREAL
2009-08-12,367,1600027528,33,24,8,151.47,4.59,4.59,0,0,0,GM CHEERIOS,COLD CEREAL,ALL FAMILY CEREAL
2009-08-19,367,1600027528,27,18,10,123.93,4.59,4.59,0,0,0,GM CHEERIOS,COLD CEREAL,ALL FAMILY CEREAL
2009-08-26,367,1600027528,43,37,15,197.37,4.59,4.59,0,0,0,GM CHEERIOS,COLD CEREAL,ALL FAMILY CEREAL
2009-09-02,367,1600027528,22,20,8,100.98,4.59,4.59,0,0,0,GM CHEERIOS,COLD CEREAL,ALL FAMILY CEREAL
2009-09-09,367,1600027528,9,7,6,41.31,4.59,4.59,0,0,0,GM CHEERIOS,COLD CEREAL,ALL FAMILY CEREAL
2009-09-16,367,1600027528,27,20,9,123.93,4.59,4.59,0,0,0,GM CHEERIOS,COLD CEREAL,ALL FAMILY CEREAL
2009-09-23,367,1600027528,21,16,7,96.39,4.59,4.59,0,0,0,GM CHEERIOS,COLD CEREAL,ALL FAMILY CEREAL
2009-09-30,367,1600027528,34,29,8,156.06,4.59,4.59,0,0,0,GM CHEERIOS,COLD CEREAL,ALL FAMILY CEREAL
2009-10-07,367,1600027528,29,25,14,133.11,4.59,4.59,0,0,0,GM CHEERIOS,COLD CEREAL,ALL FAMILY CEREAL
2009-10-14,367,1600027528,33,23,13,151.47,4.59,4.59,0,0,0,GM CHEERIOS,COLD CEREAL,ALL FAMILY CEREAL
2009-10-21,367,1600027528,32,24,9,146.88,4.59,4.59,0,0,0,GM CHEERIOS,COLD CEREAL,ALL FAMILY CEREAL
2009-10-28,367,1600027528,17,13,7,78.03,4.59,4.59,0,0,0,GM CHEERIOS,COLD CEREAL,ALL FAMILY CEREAL
2009-11-04,367,1600027528,31,22,13,142.29,4.59,4.59,0,0,0,GM CHEERIOS,COLD CEREAL,ALL FAMILY CEREAL
2009-11-11,367,1600027528,42,36,22,192.78,4.59,4.59,0,0,0,GM CHEERIOS,COLD CEREAL,ALL FAMILY CEREAL
2009-11-18,367,1600027528,23,18,12,105.57,4.59,4.59,0,0,0,GM CHEERIOS,COLD CEREAL,ALL FAMILY CEREAL
2009-11-25,367,1600027528,20,15,6,91.8,4.59,4.59,0,0,0,GM CHEERIOS,COLD CEREAL,ALL FAMILY CEREAL
2009-12-02,367,1600027528,19,15,7,87.21,4.59,4.59,0,0,0,GM CHEERIOS,COLD CEREAL,ALL FAMILY CEREAL
2009-12-09,367,1600027528,16,13,10,73.44,4.59,4.59,0,0,0,GM CHEERIOS,COLD CEREAL,ALL FAMILY CEREAL
2009-12-16,367,1600027528,27,20,10,123.93,4.59,4.59,0,0,0,GM CHEERIOS,COLD CEREAL,ALL FAMILY CEREAL
2009-12-23,367,1600027528,19,17,8,87.21,4.59,4.59,0,0,0,GM CHEERIOS,COLD CEREAL,ALL FAMILY CEREAL
2009-12-30,367,1600027528,31,22,13,142.29,4.59,4.59,0,0,0,GM CHEERIOS,COLD CEREAL,ALL FAMILY CEREAL
2010-01-06,367,1600027528,20,17,12,91.8,4.59,4.59,0,0,0,GM CHEERIOS,COLD CEREAL,ALL FAMILY CEREAL
2010-01-13,367,1600027528,21,18,10,96.39,4.59,4.59,0,0,0,GM CHEERIOS,COLD CEREAL,ALL FAMILY CEREAL
2010-01-20,367,1600027528,5,4,3,22.95,4.59,4.59,0,0,0,GM CHEERIOS,COLD CEREAL,ALL FAMILY CEREAL
2010-01-27,367,1600027528,29,19,6,133.11,4.59,4.59,0,0,0,GM CHEERIOS,COLD CEREAL,ALL FAMILY CEREAL
2010-02-03,367,1600027528,15,13,9,68.85,4.59,4.59,0,0,0,GM CHEERIOS,COLD CEREAL,ALL FAMILY CEREAL
2010-02-10,367,1600027528,21,19,13,96.39,4.59,4.59,0,0,0,GM CHEERIOS,COLD CEREAL,ALL FAMILY CEREAL
2010-02-17,367,1600027528,54,51,48,152.82,2.83,4.59,1,1,0,GM CHEERIOS,COLD CEREAL,ALL FAMILY CEREAL
2010-02-24,367,1600027528,59,45,39,175.23,2.97,4.59,1,1,0,GM CHEERIOS,COLD CEREAL,ALL FAMILY CEREAL
2010-03-03,367,1600027528,16,12,7,73.44,4.59,4.59,0,0,0,GM CHEERIOS,COLD CEREAL,ALL FAMILY CEREAL
2010-03-10,367,1600027528,19,17,9,87.21,4.59,4.59,0,0,0,GM CHEERIOS,COLD CEREAL,ALL FAMILY CEREAL
2010-03-17,367,1600027528,8,6,4,36.72,4.59,4.59,0,0,0,GM CHEERIOS,COLD CEREAL,ALL FAMILY CEREAL
2010-03-24,367,1600027528,19,15,6,87.21,4.59,4.59,0,0,0,GM CHEERIOS,COLD CEREAL,ALL FAMILY CEREAL
2010-03-31,367,1600027528,25,19,11,114.75,4.59,4.59,0,0,0,GM CHEERIOS,COLD CEREAL,ALL FAMILY CEREAL
2010-04-07,367,1600027528,36,22,15,165.24,4.59,4.59,0,0,0,GM CHEERIOS,COLD CEREAL,ALL FAMILY CEREAL
2010-04-14,367,1600027528,24,21,11,110.16,4.59,4.59,0,0,0,GM CHEERIOS,COLD CEREAL,ALL FAMILY CEREAL
2010-04-21,367,1600027528,23,20,11,105.57,4.59,4.59,0,0,0,GM CHEERIOS,COLD CEREAL,ALL FAMILY CEREAL
2010-04-28,367,1600027528,34,29,13,156.06,4.59,4.59,0,0,0,GM CHEERIOS,COLD CEREAL,ALL FAMILY CEREAL
2010-05-05,367,1600027528,20,16,9,91.8,4.59,4.59,0,0,0,GM CHEERIOS,COLD CEREAL,ALL FAMILY CEREAL
2010-05-12,367,1600027528,27,22,14,123.93,4.59,4.59,0,0,0,GM CHEERIOS,COLD CEREAL,ALL FAMILY CEREAL
2010-05-19,367,1600027528,29,22,14,133.11,4.59,4.59,0,0,0,GM CHEERIOS,COLD CEREAL,ALL FAMILY CEREAL
2010-05-26,367,1600027528,16,15,7,73.44,4.59,4.59,0,0,0,GM CHEERIOS,COLD CEREAL,ALL FAMILY CEREAL
2010-06-02,367,1600027528,24,19,7,110.16,4.59,4.59,0,0,0,GM CHEERIOS,COLD CEREAL,ALL FAMILY CEREAL
2010-06-09,367,1600027528,22,19,17,100.98,4.59,4.59,0,0,0,GM CHEERIOS,COLD CEREAL,ALL FAMILY CEREAL
2010-06-16,367,1600027528,21,17,14,96.39,4.59,4.59,0,0,0,GM CHEERIOS,COLD CEREAL,ALL FAMILY CEREAL
2010-06-23,367,1600027528,23,19,9,105.57,4.59,4.59,0,0,0,GM CHEERIOS,COLD CEREAL,ALL FAMILY CEREAL
2010-06-30,367,1600027528,57,48,42,163.02,2.86,4.59,1,1,0,GM CHEERIOS,COLD CEREAL,ALL FAMILY CEREAL
2010-07-07,367,1600027528,76,68,63,197.6,2.6,4.59,1,1,0,GM CHEERIOS,COLD CEREAL,ALL FAMILY CEREAL
2010-07-14,367,1600027528,31,27,23,117.18,3.78,4.59,1,0,0,GM CHEERIOS,COLD CEREAL,ALL FAMILY CEREAL
2010-07-21,367,1600027528,25,22,10,114.75,4.59,4.59,0,0,0,GM CHEERIOS,COLD CEREAL,ALL FAMILY CEREAL
2010-07-28,367,1600027528,33,26,15,151.47,4.59,4.59,0,0,0,GM CHEERIOS,COLD CEREAL,ALL FAMILY CEREAL
2010-08-04,367,1600027528,32,26,11,146.88,4.59,4.59,0,0,0,GM CHEERIOS,COLD CEREAL,ALL FAMILY CEREAL
2010-08-11,367,1600027528,103,85,75,288.4,2.8,4.59,1,0,0,GM CHEERIOS,COLD CEREAL,ALL FAMILY CEREAL
2010-08-18,367,1600027528,27,22,13,121.5,4.5,4.5,0,0,0,GM CHEERIOS,COLD CEREAL,ALL FAMILY CEREAL
2010-08-25,367,1600027528,19,18,9,87.21,4.59,4.59,0,0,0,GM CHEERIOS,COLD CEREAL,ALL FAMILY CEREAL
2010-09-01,367,1600027528,18,14,5,82.62,4.59,4.59,0,0,0,GM CHEERIOS,COLD CEREAL,ALL FAMILY CEREAL
2010-09-08,367,1600027528,24,23,18,110.16,4.59,4.59,0,0,0,GM CHEERIOS,COLD CEREAL,ALL FAMILY CEREAL
2010-09-15,367,1600027528,17,15,10,78.03,4.59,4.59,0,0,0,GM CHEERIOS,COLD CEREAL,ALL FAMILY CEREAL
2010-09-22,367,1600027528,28,23,12,128.52,4.59,4.59,0,0,0,GM CHEERIOS,COLD CEREAL,ALL FAMILY CEREAL
2010-09-29,367,1600027528,36,29,12,165.24,4.59,4.59,0,0,0,GM CHEERIOS,COLD CEREAL,ALL FAMILY CEREAL
2010-10-06,367,1600027528,29,23,13,133.11,4.59,4.59,0,0,0,GM CHEERIOS,COLD CEREAL,ALL FAMILY CEREAL
2010-10-13,367,1600027528,27,24,15,123.93,4.59,4.59,0,0,0,GM CHEERIOS,COLD CEREAL,ALL FAMILY CEREAL
2010-10-20,367,1600027528,15,10,6,68.85,4.59,4.59,0,0,0,GM CHEERIOS,COLD CEREAL,ALL FAMILY CEREAL
2010-10-27,367,1600027528,33,29,11,151.47,4.59,4.59,0,0,0,GM CHEERIOS,COLD CEREAL,ALL FAMILY CEREAL
2010-11-03,367,1600027528,41,36,17,188.19,4.59,4.59,0,0,0,GM CHEERIOS,COLD CEREAL,ALL FAMILY CEREAL
2010-11-10,367,1600027528,25,21,12,114.75,4.59,4.59,0,0,0,GM CHEERIOS,COLD CEREAL,ALL FAMILY CEREAL
2010-11-17,367,1600027528,4,4,3,18.36,4.59,4.59,0,0,0,GM CHEERIOS,COLD CEREAL,ALL FAMILY CEREAL
2010-11-24,367,1600027528,25,19,5,114.75,4.59,4.59,0,0,0,GM CHEERIOS,COLD CEREAL,ALL FAMILY CEREAL
2010-12-01,367,1600027528,28,22,5,128.52,4.59,4.59,0,0,0,GM CHEERIOS,COLD CEREAL,ALL FAMILY CEREAL
2010-12-08,367,1600027528,29,25,12,133.11,4.59,4.59,0,0,0,GM CHEERIOS,COLD CEREAL,ALL FAMILY CEREAL
2010-12-15,367,1600027528,23,20,18,105.57,4.59,4.59,0,0,0,GM CHEERIOS,COLD CEREAL,ALL FAMILY CEREAL
2010-12-22,367,1600027528,24,19,5,110.16,4.59,4.59,0,0,0,GM CHEERIOS,COLD CEREAL,ALL FAMILY CEREAL
2010-12-29,367,1600027528,24,22,11,110.16,4.59,4.59,0,0,0,GM CHEERIOS,COLD CEREAL,ALL FAMILY CEREAL
2011-01-05,367,1600027528,19,17,7,87.21,4.59,4.59,0,0,0,GM CHEERIOS,COLD CEREAL,ALL FAMILY CEREAL
2011-01-12,367,1600027528,27,20,12,123.93,4.59,4.59,0,0,0,GM CHEERIOS,COLD CEREAL,ALL FAMILY CEREAL
2011-01-19,367,1600027528,20,17,9,91.8,4.59,4.59,0,0,0,GM CHEERIOS,COLD CEREAL,ALL FAMILY CEREAL
2011-01-26,367,1600027528,29,27,13,133.11,4.59,4.59,0,0,0,GM CHEERIOS,COLD CEREAL,ALL FAMILY CEREAL
2011-02-02,367,1600027528,38,29,7,174.42,4.59,4.59,0,0,0,GM CHEERIOS,COLD CEREAL,ALL FAMILY CEREAL
2011-02-09,367,1600027528,21,21,15,96.39,4.59,4.59,0,0,0,GM CHEERIOS,COLD CEREAL,ALL FAMILY CEREAL
2011-02-16,367,1600027528,18,16,9,82.62,4.59,4.59,0,0,0,GM CHEERIOS,COLD CEREAL,ALL FAMILY CEREAL
2011-02-23,367,1600027528,74,51,41,213.86,2.89,4.59,1,1,0,GM CHEERIOS,COLD CEREAL,ALL FAMILY CEREAL
2011-03-02,367,1600027528,46,41,30,138.92,3.02,4.59,1,1,0,GM CHEERIOS,COLD CEREAL,ALL FAMILY CEREAL
2011-03-09,367,1600027528,27,20,8,129.33,4.79,4.79,0,0,0,GM CHEERIOS,COLD CEREAL,ALL FAMILY CEREAL
2011-03-16,367,1600027528,14,12,7,67.06,4.79,4.79,0,0,0,GM CHEERIOS,COLD CEREAL,ALL FAMILY CEREAL
2011-03-23,367,1600027528,16,15,4,76.64,4.79,4.79,0,0,0,GM CHEERIOS,COLD CEREAL,ALL FAMILY CEREAL
2011-03-30,367,1600027528,39,31,11,186.81,4.79,4.79,0,0,0,GM CHEERIOS,COLD CEREAL,ALL FAMILY CEREAL
2011-04-06,367,1600027528,29,22,6,138.91,4.79,4.79,0,0,0,GM CHEERIOS,COLD CEREAL,ALL FAMILY CEREAL
2011-04-13,367,1600027528,31,25,15,148.49,4.79,4.79,0,0,0,GM CHEERIOS,COLD CEREAL,ALL FAMILY CEREAL
2011-04-20,367,1600027528,16,12,4,76.64,4.79,4.79,0,0,0,GM CHEERIOS,COLD CEREAL,ALL FAMILY CEREAL
2011-04-27,367,1600027528,31,26,5,148.49,4.79,4.79,0,0,0,GM CHEERIOS,COLD CEREAL,ALL FAMILY CEREAL
2011-05-04,367,1600027528,31,25,6,148.49,4.79,4.79,0,0,0,GM CHEERIOS,COLD CEREAL,ALL FAMILY CEREAL
2011-05-11,367,1600027528,27,23,11,129.33,4.79,4.79,0,0,0,GM CHEERIOS,COLD CEREAL,ALL FAMILY CEREAL
2011-05-18,367,1600027528,27,25,6,129.33,4.79,4.79,0,0,0,GM CHEERIOS,COLD CEREAL,ALL FAMILY CEREAL
2011-05-25,367,1600027528,29,27,9,138.91,4.79,4.79,0,0,0,GM CHEERIOS,COLD CEREAL,ALL FAMILY CEREAL
2011-06-01,367,1600027528,30,26,10,143.7,4.79,4.79,0,0,0,GM CHEERIOS,COLD CEREAL,ALL FAMILY CEREAL
2011-06-08,367,1600027528,29,24,13,138.91,4.79,4.79,0,0,0,GM CHEERIOS,COLD CEREAL,ALL FAMILY CEREAL
2011-06-15,367,1600027528,18,15,7,86.22,4.79,4.79,0,0,0,GM CHEERIOS,COLD CEREAL,ALL FAMILY CEREAL
2011-06-22,367,1600027528,29,25,9,138.91,4.79,4.79,0,0,0,GM CHEERIOS,COLD CEREAL,ALL FAMILY CEREAL
2011-06-29,367,1600027528,46,37,17,220.34,4.79,4.79,0,0,0,GM CHEERIOS,COLD CEREAL,ALL FAMILY CEREAL
2011-07-06,367,1600027528,24,19,10,114.96,4.79,4.79,0,0,0,GM CHEERIOS,COLD CEREAL,ALL FAMILY CEREAL
2011-07-13,367,1600027528,28,25,12,134.12,4.79,4.79,0,0,0,GM CHEERIOS,COLD CEREAL,ALL FAMILY CEREAL
2011-07-20,367,1600027528,30,27,18,143.7,4.79,4.79,0,0,0,GM CHEERIOS,COLD CEREAL,ALL FAMILY CEREAL
2011-07-27,367,1600027528,42,35,15,201.18,4.79,4.79,0,0,0,GM CHEERIOS,COLD CEREAL,ALL FAMILY CEREAL
2011-08-03,367,1600027528,34,25,9,162.86,4.79,4.79,0,0,0,GM CHEERIOS,COLD CEREAL,ALL FAMILY CEREAL
2011-08-10,367,1600027528,60,47,31,230.4,3.84,4.79,1,0,0,GM CHEERIOS,COLD CEREAL,ALL FAMILY CEREAL
2011-08-17,367,1600027528,58,49,34,225.04,3.88,4.79,1,1,0,GM CHEERIOS,COLD CEREAL,ALL FAMILY CEREAL
2011-08-24,367,1600027528,39,32,22,149.37,3.83,4.79,0,1,0,GM CHEERIOS,COLD CEREAL,ALL FAMILY CEREAL
2011-08-31,367,1600027528,32,26,11,153.28,4.79,4.79,0,0,0,GM CHEERIOS,COLD CEREAL,ALL FAMILY CEREAL
2011-09-07,367,1600027528,32,26,11,153.28,4.79,4.79,0,0,0,GM CHEERIOS,COLD CEREAL,ALL FAMILY CEREAL
2011-09-14,367,1600027528,21,18,10,100.59,4.79,4.79,0,0,0,GM CHEERIOS,COLD CEREAL,ALL FAMILY CEREAL
2011-09-21,367,1600027528,22,18,10,105.38,4.79,4.79,0,0,0,GM CHEERIOS,COLD CEREAL,ALL FAMILY CEREAL
2011-09-28,367,1600027528,31,25,15,148.49,4.79,4.79,0,0,0,GM CHEERIOS,COLD CEREAL,ALL FAMILY CEREAL
2011-10-05,367,1600027528,40,30,18,191.6,4.79,4.79,0,0,0,GM CHEERIOS,COLD CEREAL,ALL FAMILY CEREAL
2011-10-12,367,1600027528,36,28,14,172.44,4.79,4.79,0,0,0,GM CHEERIOS,COLD CEREAL,ALL FAMILY CEREAL
2011-10-19,367,1600027528,27,22,16,129.33,4.79,4.79,0,0,0,GM CHEERIOS,COLD CEREAL,ALL FAMILY CEREAL
2011-10-26,367,1600027528,30,27,14,143.7,4.79,4.79,0,0,0,GM CHEERIOS,COLD CEREAL,ALL FAMILY CEREAL
2011-11-02,367,1600027528,27,24,17,129.33,4.79,4.79,0,0,0,GM CHEERIOS,COLD CEREAL,ALL FAMILY CEREAL
2011-11-09,367,1600027528,25,21,17,119.75,4.79,4.79,0,0,0,GM CHEERIOS,COLD CEREAL,ALL FAMILY CEREAL
2011-11-16,367,1600027528,26,21,18,124.54,4.79,4.79,0,0,0,GM CHEERIOS,COLD CEREAL,ALL FAMILY CEREAL
2011-11-23,367,1600027528,25,17,13,119.75,4.79,4.79,0,0,0,GM CHEERIOS,COLD CEREAL,ALL FAMILY CEREAL
2011-11-30,367,1600027528,29,22,14,138.91,4.79,4.79,0,0,0,GM CHEERIOS,COLD CEREAL,ALL FAMILY CEREAL
2011-12-07,367,1600027528,38,35,26,182.02,4.79,4.79,0,0,0,GM CHEERIOS,COLD CEREAL,ALL FAMILY CEREAL
2011-12-14,367,1600027528,31,29,20,148.49,4.79,4.79,0,0,0,GM CHEERIOS,COLD CEREAL,ALL FAMILY CEREAL
2011-12-21,367,1600027528,22,21,18,105.38,4.79,4.79,0,0,0,GM CHEERIOS,COLD CEREAL,ALL FAMILY CEREAL
2011-12-28,367,1600027528,16,12,11,76.64,4.79,4.79,0,0,0,GM CHEERIOS,COLD CEREAL,ALL FAMILY CEREAL
2012-01-04,367,1600027528,27,26,21,129.33,4.79,4.79,0,0,0,GM CHEERIOS,COLD CEREAL,ALL FAMILY CEREAL
