EN/S04_Data_Structures_2/salesCerealsOriginal.csv
WEEK_END_DATE,STORE_NUM,UPC,UNITS,VISITS,HHS,SPEND,PRICE,BASE_PRICE,FEATURE,DISPLAY,TPR_ONLY,DESCRIPTION,CATEGORY,SUB_CATEGORY
2009-01-14,367,1600027564,56,48,42,152.32,2.72,3.07,1,0,0,GM CHEERIOS,COLD CEREAL,ALL FAMILY CEREAL
2009-01-21,367,1600027564,36,23,23,96.48,2.68,3.07,0,0,1,GM CHEERIOS,COLD CEREAL,ALL FAMILY CEREAL
2009-01-28,367,1600027564,20,20,15,63.8,3.19,3.19,0,0,0,GM CHEERIOS,COLD CEREAL,ALL FAMILY CEREAL
2009-02-04,367,1600027564,16,14,10,51.04,3.19,3.19,0,0,0,GM CHEERIOS,COLD CEREAL,ALL FAMILY CEREAL
2009-02-11,367,1600027564,13,12,12,22.36,1.72,3.19,0,0,1,GM CHEERIOS,COLD CEREAL,ALL FAMILY CEREAL
2009-02-18,367,1600027564,19,19,19,28.69,1.51,3.19,0,0,1,GM CHEERIOS,COLD CEREAL,ALL FAMILY CEREAL
2009-02-25,367,1600027564,24,22,20,63.84,2.66,3.19,0,0,1,GM CHEERIOS,COLD CEREAL,ALL FAMILY CEREAL
2009-03-04,367,1600027564,22,19,17,54.34,2.47,3.19,0,0,1,GM CHEERIOS,COLD CEREAL,ALL FAMILY CEREAL
2009-03-11,367,1600027564,31,29,24,83.08,2.68,3.19,0,0,1,GM CHEERIOS,COLD CEREAL,ALL FAMILY CEREAL
2009-03-18,367,1600027564,39,31,25,118.17,3.03,3.03,0,0,0,GM CHEERIOS,COLD CEREAL,ALL FAMILY CEREAL
2009-03-25,367,1600027564,28,26,21,76.44,2.73,2.73,0,0,0,GM CHEERIOS,COLD CEREAL,ALL FAMILY CEREAL
2009-04-01,367,1600027564,28,26,20,82.88,2.96,2.96,0,0,0,GM CHEERIOS,COLD CEREAL,ALL FAMILY CEREAL
2009-04-08,367,1600027564,39,32,25,114.66,2.94,2.94,0,0,0,GM CHEERIOS,COLD CEREAL,ALL FAMILY CEREAL
2009-04-15,367,1600027564,20,16,15,57.4,2.87,2.87,0,0,0,GM CHEERIOS,COLD CEREAL,ALL FAMILY CEREAL
2009-04-22,367,1600027564,16,15,13,47.84,2.99,2.99,0,0,0,GM CHEERIOS,COLD CEREAL,ALL FAMILY CEREAL
2009-04-29,367,1600027564,25,24,18,79.75,3.19,3.19,0,0,0,GM CHEERIOS,COLD CEREAL,ALL FAMILY CEREAL
2009-05-06,367,1600027564,30,21,13,95.7,3.19,3.19,0,0,0,GM CHEERIOS,COLD CEREAL,ALL FAMILY CEREAL
2009-05-13,367,1600027564,17,15,13,54.23,3.19,3.19,0,0,0,GM CHEERIOS,COLD CEREAL,ALL FAMILY CEREAL
2009-05-20,367,1600027564,76,67,61,177.84,2.34,3.19,1,1,0,GM CHEERIOS,COLD CEREAL,ALL FAMILY CEREAL
2009-05-27,367,1600027564,27,25,18,70.2,2.6,3.19,0,0,1,GM CHEERIOS,COLD CEREAL,ALL FAMILY CEREAL
2009-06-03,367,1600027564,24,23,18,60.72,2.53,3.19,0,0,1,GM CHEERIOS,COLD CEREAL,ALL FAMILY CEREAL
2009-06-10,367,1600027564,29,25,19,75.98,2.62,3.19,0,0,1,GM CHEERIOS,COLD CEREAL,ALL FAMILY CEREAL
2009-06-17,367,1600027564,14,14,13,41.72,2.98,2.98,0,0,0,GM CHEERIOS,COLD CEREAL,ALL FAMILY CEREAL
2009-06-24,367,1600027564,16,16,14,38.24,2.39,2.98,0,0,1,GM CHEERIOS,COLD CEREAL,ALL FAMILY CEREAL
2009-07-01,367,1600027564,26,20,7,79.82,3.07,3.07,0,0,0,GM CHEERIOS,COLD CEREAL,ALL FAMILY CEREAL
2009-07-08,367,1600027564,11,10,6,31.9,2.9,2.9,0,0,0,GM CHEERIOS,COLD CEREAL,ALL FAMILY CEREAL
2009-07-15,367,1600027564,26,23,21,79.82,3.07,3.07,0,0,0,GM CHEERIOS,COLD CEREAL,ALL FAMILY CEREAL
2009-07-22,367,1600027564,19,16,15,51.11,2.69,3.07,0,0,1,GM CHEERIOS,COLD CEREAL,ALL FAMILY CEREAL
2009-07-29,367,1600027564,21,16,8,66.99,3.19,3.19,0,0,0,GM CHEERIOS,COLD CEREAL,ALL FAMILY CEREAL
2009-08-05,367,1600027564,53,49,42,138.86,2.62,3.19,0,1,0,GM CHEERIOS,COLD CEREAL,ALL FAMILY CEREAL
2009-08-12,367,1600027564,24,23,18,59.28,2.47,3.19,0,0,1,GM CHEERIOS,COLD CEREAL,ALL FAMILY CEREAL
2009-08-19,367,1600027564,26,24,21,42.9,1.65,3.19,0,0,1,GM CHEERIOS,COLD CEREAL,ALL FAMILY CEREAL
2009-08-26,367,1600027564,24,23,18,49.44,2.06,3.19,0,0,1,GM CHEERIOS,COLD CEREAL,ALL FAMILY CEREAL
2009-09-02,367,1600027564,20,19,12,62.6,3.13,3.13,0,0,0,GM CHEERIOS,COLD CEREAL,ALL FAMILY CEREAL
2009-09-09,367,1600027564,10,10,10,28.8,2.88,2.88,0,0,0,GM CHEERIOS,COLD CEREAL,ALL FAMILY CEREAL
2009-09-16,367,1600027564,27,23,20,88.83,3.29,3.29,0,0,0,GM CHEERIOS,COLD CEREAL,ALL FAMILY CEREAL
2009-09-23,367,1600027564,23,22,16,65.78,2.86,3.29,0,0,1,GM CHEERIOS,COLD CEREAL,ALL FAMILY CEREAL
2009-09-30,367,1600027564,18,15,12,59.22,3.29,3.29,0,0,0,GM CHEERIOS,COLD CEREAL,ALL FAMILY CEREAL
2009-10-07,367,1600027564,30,27,20,82.2,2.74,3.29,0,0,1,GM CHEERIOS,COLD CEREAL,ALL FAMILY CEREAL
2009-10-14,367,1600027564,21,19,15,69.09,3.29,3.29,0,0,0,GM CHEERIOS,COLD CEREAL,ALL FAMILY CEREAL
2009-10-21,367,1600027564,66,47,43,162.36,2.46,3.29,1,1,0,GM CHEERIOS,COLD CEREAL,ALL FAMILY CEREAL
2009-10-28,367,1600027564,19,17,13,59.28,3.12,3.12,0,0,0,GM CHEERIOS,COLD CEREAL,ALL FAMILY CEREAL
2009-11-04,367,1600027564,19,16,8,62.51,3.29,3.29,0,0,0,GM CHEERIOS,COLD CEREAL,ALL FAMILY CEREAL
2009-11-11,367,1600027564,27,27,24,82.35,3.05,3.05,0,0,0,GM CHEERIOS,COLD CEREAL,ALL FAMILY CEREAL
2009-11-18,367,1600027564,31,25,24,79.05,2.55,3.05,0,0,1,GM CHEERIOS,COLD CEREAL,ALL FAMILY CEREAL
2009-11-25,367,1600027564,20,18,17,49.8,2.49,3.05,1,0,0,GM CHEERIOS,COLD CEREAL,ALL FAMILY CEREAL
2009-12-02,367,1600027564,37,30,27,83.99,2.27,3.05,0,0,1,GM CHEERIOS,COLD CEREAL,ALL FAMILY CEREAL
2009-12-09,367,1600027564,21,20,17,65.73,3.13,3.13,0,0,0,GM CHEERIOS,COLD CEREAL,ALL FAMILY CEREAL
2009-12-16,367,1600027564,25,22,20,75.75,3.03,3.03,0,0,0,GM CHEERIOS,COLD CEREAL,ALL FAMILY CEREAL
2009-12-23,367,1600027564,15,14,14,49.35,3.29,3.29,0,0,0,GM CHEERIOS,COLD CEREAL,ALL FAMILY CEREAL
2009-12-30,367,1600027564,16,15,12,49.28,3.08,3.08,0,0,0,GM CHEERIOS,COLD CEREAL,ALL FAMILY CEREAL
2010-01-06,367,1600027564,22,21,17,72.38,3.29,3.29,0,0,0,GM CHEERIOS,COLD CEREAL,ALL FAMILY CEREAL
2010-01-13,367,1600027564,17,17,15,55.93,3.29,3.29,0,0,0,GM CHEERIOS,COLD CEREAL,ALL FAMILY CEREAL
2010-01-20,367,1600027564,4,4,4,13.16,3.29,3.29,0,0,0,GM CHEERIOS,COLD CEREAL,ALL FAMILY CEREAL
2010-01-27,367,1600027564,39,33,27,109.2,2.8,3.29,1,0,0,GM CHEERIOS,COLD CEREAL,ALL FAMILY CEREAL
2010-02-03,367,1600027564,21,19,10,69.09,3.29,3.29,0,0,0,GM CHEERIOS,COLD CEREAL,ALL FAMILY CEREAL
2010-02-10,367,1600027564,26,25,25,69.16,2.66,3.29,0,0,1,GM CHEERIOS,COLD CEREAL,ALL FAMILY CEREAL
2010-02-17,367,1600027564,16,16,12,29.6,1.85,3.29,0,0,1,GM CHEERIOS,COLD CEREAL,ALL FAMILY CEREAL
2010-02-24,367,1600027564,16,16,11,36.16,2.26,3.29,0,0,1,GM CHEERIOS,COLD CEREAL,ALL FAMILY CEREAL
2010-03-03,367,1600027564,22,21,13,65.78,2.99,2.99,0,0,0,GM CHEERIOS,COLD CEREAL,ALL FAMILY CEREAL
2010-03-10,367,1600027564,18,17,14,46.08,2.56,2.99,0,0,1,GM CHEERIOS,COLD CEREAL,ALL FAMILY CEREAL
2010-03-17,367,1600027564,7,7,5,21.42,3.06,3.06,0,0,0,GM CHEERIOS,COLD CEREAL,ALL FAMILY CEREAL
2010-03-24,367,1600027564,16,14,12,49.28,3.08,3.08,0,0,0,GM CHEERIOS,COLD CEREAL,ALL FAMILY CEREAL
2010-03-31,367,1600027564,46,38,18,151.34,3.29,3.29,0,0,0,GM CHEERIOS,COLD CEREAL,ALL FAMILY CEREAL
2010-04-07,367,1600027564,15,15,8,49.35,3.29,3.29,0,0,0,GM CHEERIOS,COLD CEREAL,ALL FAMILY CEREAL
2010-04-14,367,1600027564,17,16,12,49.3,2.9,3.29,0,0,1,GM CHEERIOS,COLD CEREAL,ALL FAMILY CEREAL
2010-04-21,367,1600027564,15,14,12,49.35,3.29,3.29,0,0,0,GM CHEERIOS,COLD CEREAL,ALL FAMILY CEREAL
2010-04-28,367,1600027564,25,25,17,82.25,3.29,3.29,0,0,0,GM CHEERIOS,COLD CEREAL,ALL FAMILY CEREAL
2010-05-05,367,1600027564,25,20,15,75.75,3.03,3.03,0,0,0,GM CHEERIOS,COLD CEREAL,ALL FAMILY CEREAL
2010-05-12,367,1600027564,28,24,18,88.76,3.17,3.17,0,0,0,GM CHEERIOS,COLD CEREAL,ALL FAMILY CEREAL
2010-05-19,367,1600027564,29,28,23,60.61,2.09,3.17,0,0,1,GM CHEERIOS,COLD CEREAL,ALL FAMILY CEREAL
2010-05-26,367,1600027564,19,17,13,54.91,2.89,2.89,0,0,0,GM CHEERIOS,COLD CEREAL,ALL FAMILY CEREAL
2010-06-02,367,1600027564,16,14,12,38.24,2.39,2.89,0,0,1,GM CHEERIOS,COLD CEREAL,ALL FAMILY CEREAL
2010-06-09,367,1600027564,21,20,15,60.69,2.89,2.89,0,0,0,GM CHEERIOS,COLD CEREAL,ALL FAMILY CEREAL
2010-06-16,367,1600027564,32,29,15,98.88,3.09,3.09,0,0,0,GM CHEERIOS,COLD CEREAL,ALL FAMILY CEREAL
2010-06-23,367,1600027564,23,23,19,63.71,2.77,3.09,0,0,1,GM CHEERIOS,COLD CEREAL,ALL FAMILY CEREAL
2010-06-30,367,1600027564,24,20,9,76.56,3.19,3.19,0,0,0,GM CHEERIOS,COLD CEREAL,ALL FAMILY CEREAL
2010-07-07,367,1600027564,22,21,15,63.8,2.9,2.9,0,0,0,GM CHEERIOS,COLD CEREAL,ALL FAMILY CEREAL
2010-07-14,367,1600027564,24,23,22,73.44,3.06,3.06,0,0,0,GM CHEERIOS,COLD CEREAL,ALL FAMILY CEREAL
2010-07-21,367,1600027564,27,21,13,79.65,2.95,2.95,0,0,0,GM CHEERIOS,COLD CEREAL,ALL FAMILY CEREAL
2010-07-28,367,1600027564,15,15,11,47.85,3.19,3.19,0,0,0,GM CHEERIOS,COLD CEREAL,ALL FAMILY CEREAL
2010-08-04,367,1600027564,21,19,14,66.99,3.19,3.19,0,0,0,GM CHEERIOS,COLD CEREAL,ALL FAMILY CEREAL
2010-08-11,367,1600027564,14,14,10,41.44,2.96,2.96,0,0,0,GM CHEERIOS,COLD CEREAL,ALL FAMILY CEREAL
2010-08-18,367,1600027564,9,7,5,22.32,2.48,2.96,0,0,1,GM CHEERIOS,COLD CEREAL,ALL FAMILY CEREAL
2010-08-25,367,1600027564,27,22,14,73.44,2.72,2.72,0,0,0,GM CHEERIOS,COLD CEREAL,ALL FAMILY CEREAL
2010-09-01,367,1600027564,19,17,13,57.38,3.02,3.02,0,0,0,GM CHEERIOS,COLD CEREAL,ALL FAMILY CEREAL
2010-09-08,367,1600027564,16,15,12,41.44,2.59,3.02,0,0,1,GM CHEERIOS,COLD CEREAL,ALL FAMILY CEREAL
2010-09-15,367,1600027564,19,18,13,60.61,3.19,3.19,0,0,0,GM CHEERIOS,COLD CEREAL,ALL FAMILY CEREAL
2010-09-22,367,1600027564,13,12,9,35.1,2.7,3.19,0,0,1,GM CHEERIOS,COLD CEREAL,ALL FAMILY CEREAL
2010-09-29,367,1600027564,24,19,12,73.44,3.06,3.06,0,0,0,GM CHEERIOS,COLD CEREAL,ALL FAMILY CEREAL
2010-10-06,367,1600027564,14,14,11,44.66,3.19,3.19,0,0,0,GM CHEERIOS,COLD CEREAL,ALL FAMILY CEREAL
2010-10-13,367,1600027564,17,17,13,51,3,3,0,0,0,GM CHEERIOS,COLD CEREAL,ALL FAMILY CEREAL
2010-10-20,367,1600027564,13,13,11,38.22,2.94,2.94,0,0,0,GM CHEERIOS,COLD CEREAL,ALL FAMILY CEREAL
2010-10-27,367,1600027564,22,20,11,70.18,3.19,3.19,0,0,0,GM CHEERIOS,COLD CEREAL,ALL FAMILY CEREAL
2010-11-03,367,1600027564,56,50,44,168,3,3.19,1,1,0,GM CHEERIOS,COLD CEREAL,ALL FAMILY CEREAL
2010-11-10,367,1600027564,23,22,18,73.37,3.19,3.19,0,0,0,GM CHEERIOS,COLD CEREAL,ALL FAMILY CEREAL
2010-11-24,367,1600027564,45,32,27,108.9,2.42,3.19,1,0,0,GM CHEERIOS,COLD CEREAL,ALL FAMILY CEREAL
2010-12-01,367,1600027564,21,19,14,54.6,2.6,3.19,1,1,0,GM CHEERIOS,COLD CEREAL,ALL FAMILY CEREAL
2010-12-08,367,1600027564,14,14,11,31.92,2.28,3.19,0,0,1,GM CHEERIOS,COLD CEREAL,ALL FAMILY CEREAL
2010-12-15,367,1600027564,19,19,15,54.53,2.87,3.19,0,0,1,GM CHEERIOS,COLD CEREAL,ALL FAMILY CEREAL
2010-12-22,367,1600027564,11,11,7,35.09,3.19,3.19,0,0,0,GM CHEERIOS,COLD CEREAL,ALL FAMILY CEREAL
2010-12-29,367,1600027564,11,11,8,32.12,2.92,2.92,0,0,0,GM CHEERIOS,COLD CEREAL,ALL FAMILY CEREAL
2011-01-05,367,1600027564,28,27,16,89.32,3.19,3.19,0,0,0,GM CHEERIOS,COLD CEREAL,ALL FAMILY CEREAL
2011-01-12,367,1600027564,22,21,19,70.18,3.19,3.19,0,0,0,GM CHEERIOS,COLD CEREAL,ALL FAMILY CEREAL
2011-01-19,367,1600027564,52,44,39,129.48,2.49,3.19,1,1,0,GM CHEERIOS,COLD CEREAL,ALL FAMILY CEREAL
2011-01-26,367,1600027564,28,27,26,71.12,2.54,3.19,1,1,0,GM CHEERIOS,COLD CEREAL,ALL FAMILY CEREAL
2011-02-02,367,1600027564,17,16,7,54.23,3.19,3.19,0,0,0,GM CHEERIOS,COLD CEREAL,ALL FAMILY CEREAL
2011-02-09,367,1600027564,26,24,17,76.7,2.95,2.95,0,0,0,GM CHEERIOS,COLD CEREAL,ALL FAMILY CEREAL
2011-02-16,367,1600027564,22,21,18,54.34,2.47,2.95,0,0,1,GM CHEERIOS,COLD CEREAL,ALL FAMILY CEREAL
2011-02-23,367,1600027564,14,13,9,41.44,2.96,2.96,0,0,0,GM CHEERIOS,COLD CEREAL,ALL FAMILY CEREAL
2011-03-02,367,1600027564,29,26,13,89.32,3.08,3.08,0,0,0,GM CHEERIOS,COLD CEREAL,ALL FAMILY CEREAL
2011-03-09,367,1600027564,23,22,17,69,3,3,0,0,0,GM CHEERIOS,COLD CEREAL,ALL FAMILY CEREAL
2011-03-16,367,1600027564,27,24,15,88.83,3.29,3.29,0,0,0,GM CHEERIOS,COLD CEREAL,ALL FAMILY CEREAL
2011-03-23,367,1600027564,27,25,14,88.83,3.29,3.29,0,0,0,GM CHEERIOS,COLD CEREAL,ALL FAMILY CEREAL
2011-03-30,367,1600027564,19,19,9,57.57,3.03,3.03,0,0,0,GM CHEERIOS,COLD CEREAL,ALL FAMILY CEREAL
2011-04-06,367,1600027564,20,20,12,65.8,3.29,3.29,0,0,0,GM CHEERIOS,COLD CEREAL,ALL FAMILY CEREAL
2011-04-13,367,1600027564,21,18,16,69.09,3.29,3.29,0,0,0,GM CHEERIOS,COLD CEREAL,ALL FAMILY CEREAL
2011-04-20,367,1600027564,58,41,39,163.56,2.82,3.29,1,1,0,GM CHEERIOS,COLD CEREAL,ALL FAMILY CEREAL
2011-04-27,367,1600027564,35,31,27,101.15,2.89,3.29,1,1,0,GM CHEERIOS,COLD CEREAL,ALL FAMILY CEREAL
2011-05-04,367,1600027564,17,16,11,55.93,3.29,3.29,0,0,0,GM CHEERIOS,COLD CEREAL,ALL FAMILY CEREAL
2011-05-11,367,1600027564,19,19,18,42.75,2.25,3.29,0,0,1,GM CHEERIOS,COLD CEREAL,ALL FAMILY CEREAL
2011-05-18,367,1600027564,31,29,22,82.15,2.65,3.29,0,0,1,GM CHEERIOS,COLD CEREAL,ALL FAMILY CEREAL
2011-05-25,367,1600027564,22,21,14,60.72,2.76,3.29,0,0,1,GM CHEERIOS,COLD CEREAL,ALL FAMILY CEREAL
2011-06-01,367,1600027564,22,19,16,63.8,2.9,3.29,0,0,1,GM CHEERIOS,COLD CEREAL,ALL FAMILY CEREAL
2011-06-08,367,1600027564,21,20,15,63.84,3.04,3.04,0,0,0,GM CHEERIOS,COLD CEREAL,ALL FAMILY CEREAL
2011-06-15,367,1600027564,19,17,15,57.38,3.02,3.02,0,0,0,GM CHEERIOS,COLD CEREAL,ALL FAMILY CEREAL
2011-06-22,367,1600027564,19,18,11,57.38,3.02,3.02,0,0,0,GM CHEERIOS,COLD CEREAL,ALL FAMILY CEREAL
2011-06-29,367,1600027564,19,19,11,60.61,3.19,3.19,0,0,0,GM CHEERIOS,COLD CEREAL,ALL FAMILY CEREAL
2011-07-06,367,1600027564,70,61,52,177.8,2.54,3.19,1,1,0,GM CHEERIOS,COLD CEREAL,ALL FAMILY CEREAL
2011-07-13,367,1600027564,80,70,67,198.4,2.48,3.19,1,1,0,GM CHEERIOS,COLD CEREAL,ALL FAMILY CEREAL
2011-07-20,367,1600027564,26,24,18,76.7,2.95,2.95,0,0,0,GM CHEERIOS,COLD CEREAL,ALL FAMILY CEREAL
2011-07-27,367,1600027564,27,24,13,86.13,3.19,3.19,0,0,0,GM CHEERIOS,COLD CEREAL,ALL FAMILY CEREAL
2011-08-03,367,1600027564,29,23,14,92.51,3.19,3.19,0,0,0,GM CHEERIOS,COLD CEREAL,ALL FAMILY CEREAL
2011-08-10,367,1600027564,25,23,14,73.25,2.93,2.93,0,0,0,GM CHEERIOS,COLD CEREAL,ALL FAMILY CEREAL
2011-08-17,367,1600027564,21,20,12,57.96,2.76,2.76,0,0,0,GM CHEERIOS,COLD CEREAL,ALL FAMILY CEREAL
2011-08-24,367,1600027564,22,21,9,67.1,3.05,3.05,0,0,0,GM CHEERIOS,COLD CEREAL,ALL FAMILY CEREAL
2011-08-31,367,1600027564,17,16,5,51,3,3,0,0,0,GM CHEERIOS,COLD CEREAL,ALL FAMILY CEREAL
2011-09-07,367,1600027564,30,28,15,92.4,3.08,3.08,0,0,0,GM CHEERIOS,COLD CEREAL,ALL FAMILY CEREAL
2011-09-14,367,1600027564,25,25,20,73.25,2.93,2.93,0,0,0,GM CHEERIOS,COLD CEREAL,ALL FAMILY CEREAL
2011-09-21,367,1600027564,19,19,15,54.15,2.85,2.85,0,0,0,GM CHEERIOS,COLD CEREAL,ALL FAMILY CEREAL
2011-09-28,367,1600027564,26,24,11,82.94,3.19,3.19,0,0,0,GM CHEERIOS,COLD CEREAL,ALL FAMILY CEREAL
2011-10-05,367,1600027564,22,21,16,70.18,3.19,3.19,0,0,0,GM CHEERIOS,COLD CEREAL,ALL FAMILY CEREAL
2011-10-12,367,1600027564,29,27,24,89.32,3.08,3.08,0,0,0,GM CHEERIOS,COLD CEREAL,ALL FAMILY CEREAL
2011-10-19,367,1600027564,23,21,18,73.37,3.19,3.19,0,0,0,GM CHEERIOS,COLD CEREAL,ALL FAMILY CEREAL
2011-10-26,367,1600027564,17,17,13,54.23,3.19,3.19,0,0,0,GM CHEERIOS,COLD CEREAL,ALL FAMILY CEREAL
2011-11-02,367,1600027564,28,27,23,89.32,3.19,3.19,0,0,0,GM CHEERIOS,COLD CEREAL,ALL FAMILY CEREAL
2011-11-09,367,1600027564,17,16,15,54.23,3.19,3.19,0,0,0,GM CHEERIOS,COLD CEREAL,ALL FAMILY CEREAL
2011-11-16,367,1600027564,24,23,21,73.44,3.06,3.06,0,0,0,GM CHEERIOS,COLD CEREAL,ALL FAMILY CEREAL
2011-11-23,367,1600027564,46,33,31,110.4,2.4,3.06,1,0,0,GM CHEERIOS,COLD CEREAL,ALL FAMILY CEREAL
2011-11-30,367,1600027564,49,36,31,118.09,2.41,3.06,1,0,0,GM CHEERIOS,COLD CEREAL,ALL FAMILY CEREAL
2011-12-07,367,1600027564,17,16,15,47.77,2.81,2.81,0,0,0,GM CHEERIOS,COLD CEREAL,ALL FAMILY CEREAL
2011-12-14,367,1600027564,35,31,28,111.65,3.19,3.19,0,0,0,GM CHEERIOS,COLD CEREAL,ALL FAMILY CEREAL
2011-12-21,367,1600027564,19,18,16,54.15,2.85,3.19,0,0,1,GM CHEERIOS,COLD CEREAL,ALL FAMILY CEREAL
2011-12-28,367,1600027564,21,20,17,66.99,3.19,3.19,0,0,0,GM CHEERIOS,COLD CEREAL,ALL FAMILY CEREAL
2012-01-04,367,1600027564,35,29,25,111.65,3.19,3.19,0,0,0,GM CHEERIOS,COLD CEREAL,ALL FAMILY CEREAL
