EN/S04_Data_Structures_2/salesCerealsOriginal.csv
WEEK_END_DATE,STORE_NUM,UPC,UNITS,VISITS,HHS,SPEND,PRICE,BASE_PRICE,FEATURE,DISPLAY,TPR_ONLY,DESCRIPTION,CATEGORY,SUB_CATEGORY
2009-01-14,367,3000006340,19,17,17,38.76,2.04,2.74,0,0,1,QKER LIFE ORIGINAL,COLD CEREAL,ALL FAMILY CEREAL
2009-01-21,367,3000006340,9,8,7,23.22,2.58,2.58,0,0,0,QKER LIFE ORIGINAL,COLD CEREAL,ALL FAMILY CEREAL
2009-01-28,367,3000006340,3,3,2,8.22,2.74,2.74,0,0,0,QKER LIFE ORIGINAL,COLD CEREAL,ALL FAMILY CEREAL
2009-02-04,367,3000006340,5,5,2,13.7,2.74,2.74,0,0,0,QKER LIFE ORIGINAL,COLD CEREAL,ALL FAMILY CEREAL
2009-02-11,367,3000006340,8,8,6,21.92,2.74,2.74,0,0,0,QKER LIFE ORIGINAL,COLD CEREAL,ALL FAMILY CEREAL
2009-02-18,367,3000006340,5,5,5,13.7,2.74,2.74,0,0,0,QKER LIFE ORIGINAL,COLD CEREAL,ALL FAMILY CEREAL
2009-02-25,367,3000006340,3,3,2,8.22,2.74,2.74,0,0,0,QKER LIFE ORIGINAL,COLD CEREAL,ALL FAMILY CEREAL
2009-03-04,367,3000006340,7,6,4,19.18,2.74,2.74,0,0,0,QKER LIFE ORIGINAL,COLD CEREAL,ALL FAMILY CEREAL
2009-03-11,367,3000006340,9,9,4,24.66,2.74,2.74,0,0,0,QKER LIFE ORIGINAL,COLD CEREAL,ALL FAMILY CEREAL
2009-03-18,367,3000006340,6,6,5,16.44,2.74,2.74,0,0,0,QKER LIFE ORIGINAL,COLD CEREAL,ALL FAMILY CEREAL
2009-03-25,367,3000006340,7,7,5,19.18,2.74,2.74,0,0,0,QKER LIFE ORIGINAL,COLD CEREAL,ALL FAMILY CEREAL
2009-04-01,367,3000006340,10,10,6,26.2,2.62,2.62,0,0,0,QKER LIFE ORIGINAL,COLD CEREAL,ALL FAMILY CEREAL
2009-04-08,367,3000006340,24,19,16,61.2,2.55,2.62,1,1,0,QKER LIFE ORIGINAL,COLD CEREAL,ALL FAMILY CEREAL
2009-04-15,367,3000006340,10,10,8,27.4,2.74,2.74,0,0,0,QKER LIFE ORIGINAL,COLD CEREAL,ALL FAMILY CEREAL
2009-04-22,367,3000006340,9,11,5,24.66,2.74,2.74,0,0,0,QKER LIFE ORIGINAL,COLD CEREAL,ALL FAMILY CEREAL
2009-04-29,367,3000006340,4,3,2,10.96,2.74,2.74,0,0,0,QKER LIFE ORIGINAL,COLD CEREAL,ALL FAMILY CEREAL
2009-05-06,367,3000006340,2,2,1,5.48,2.74,2.74,0,0,0,QKER LIFE ORIGINAL,COLD CEREAL,ALL FAMILY CEREAL
2009-05-13,367,3000006340,6,6,2,16.44,2.74,2.74,0,0,0,QKER LIFE ORIGINAL,COLD CEREAL,ALL FAMILY CEREAL
2009-05-20,367,3000006340,4,4,1,10.96,2.74,2.74,0,0,0,QKER LIFE ORIGINAL,COLD CEREAL,ALL FAMILY CEREAL
2009-05-27,367,3000006340,5,5,3,12.8,2.56,2.74,1,0,0,QKER LIFE ORIGINAL,COLD CEREAL,ALL FAMILY CEREAL
2009-06-03,367,3000006340,4,4,3,10.08,2.52,2.74,1,0,0,QKER LIFE ORIGINAL,COLD CEREAL,ALL FAMILY CEREAL
2009-06-10,367,3000006340,4,4,3,10.96,2.74,2.74,0,0,0,QKER LIFE ORIGINAL,COLD CEREAL,ALL FAMILY CEREAL
2009-06-17,367,3000006340,1,1,1,2.74,2.74,2.74,0,0,0,QKER LIFE ORIGINAL,COLD CEREAL,ALL FAMILY CEREAL
2009-06-24,367,3000006340,3,3,2,8.22,2.74,2.74,0,0,0,QKER LIFE ORIGINAL,COLD CEREAL,ALL FAMILY CEREAL
2009-07-01,367,3000006340,9,9,2,24.66,2.74,2.74,0,0,0,QKER LIFE ORIGINAL,COLD CEREAL,ALL FAMILY CEREAL
2009-07-08,367,3000006340,2,2,1,5.48,2.74,2.74,0,0,0,QKER LIFE ORIGINAL,COLD CEREAL,ALL FAMILY CEREAL
2009-07-15,367,3000006340,4,4,4,10.8,2.7,2.7,0,0,0,QKER LIFE ORIGINAL,COLD CEREAL,ALL FAMILY CEREAL
2009-07-22,367,3000006340,3,3,2,8.16,2.72,2.72,0,0,0,QKER LIFE ORIGINAL,COLD CEREAL,ALL FAMILY CEREAL
2009-07-29,367,3000006340,4,4,1,10.96,2.74,2.74,0,0,0,QKER LIFE ORIGINAL,COLD CEREAL,ALL FAMILY CEREAL
2009-08-05,367,3000006340,5,5,3,13.7,2.74,2.74,0,0,0,QKER LIFE ORIGINAL,COLD CEREAL,ALL FAMILY CEREAL
2009-08-12,367,3000006340,2,2,1,5.48,2.74,2.74,0,0,0,QKER LIFE ORIGINAL,COLD CEREAL,ALL FAMILY CEREAL
2009-08-19,367,3000006340,3,3,2,8.22,2.74,2.74,0,0,0,QKER LIFE ORIGINAL,COLD CEREAL,ALL FAMILY CEREAL
2009-08-26,367,3000006340,27,21,18,56.7,2.1,2.74,1,1,0,QKER LIFE ORIGINAL,COLD CEREAL,ALL FAMILY CEREAL
2009-09-02,367,3000006340,18,15,13,37.26,2.07,2.74,1,0,0,QKER LIFE ORIGINAL,COLD CEREAL,ALL FAMILY CEREAL
2009-09-09,367,3000006340,4,4,4,7.96,1.99,2.74,0,0,1,QKER LIFE ORIGINAL,COLD CEREAL,ALL FAMILY CEREAL
2009-09-16,367,3000006340,11,9,9,22.66,2.06,2.74,0,0,1,QKER LIFE ORIGINAL,COLD CEREAL,ALL FAMILY CEREAL
2009-09-23,367,3000006340,6,6,4,16.44,2.74,2.74,0,0,0,QKER LIFE ORIGINAL,COLD CEREAL,ALL FAMILY CEREAL
2009-09-30,367,3000006340,1,1,1,2.74,2.74,2.74,0,0,0,QKER LIFE ORIGINAL,COLD CEREAL,ALL FAMILY CEREAL
2009-10-07,367,3000006340,9,8,5,24.66,2.74,2.74,0,0,0,QKER LIFE ORIGINAL,COLD CEREAL,ALL FAMILY CEREAL
2009-10-14,367,3000006340,8,8,7,21.92,2.74,2.74,0,0,0,QKER LIFE ORIGINAL,COLD CEREAL,ALL FAMILY CEREAL
2009-10-21,367,3000006340,6,5,4,16.44,2.74,2.74,0,0,0,QKER LIFE ORIGINAL,COLD CEREAL,ALL FAMILY CEREAL
2009-10-28,367,3000006340,6,6,4,16.44,2.74,2.74,0,0,0,QKER LIFE ORIGINAL,COLD CEREAL,ALL FAMILY CEREAL
2009-11-04,367,3000006340,4,4,2,10.96,2.74,2.74,0,0,0,QKER LIFE ORIGINAL,COLD CEREAL,ALL FAMILY CEREAL
2009-11-11,367,3000006340,4,4,3,10.96,2.74,2.74,0,0,0,QKER LIFE ORIGINAL,COLD CEREAL,ALL FAMILY CEREAL
2009-11-18,367,3000006340,11,9,9,27.72,2.52,2.74,1,0,0,QKER LIFE ORIGINAL,COLD CEREAL,ALL FAMILY CEREAL
2009-11-25,367,3000006340,3,3,2,7.98,2.66,2.66,0,0,0,QKER LIFE ORIGINAL,COLD CEREAL,ALL FAMILY CEREAL
2009-12-02,367,3000006340,5,5,3,13.7,2.74,2.74,0,0,0,QKER LIFE ORIGINAL,COLD CEREAL,ALL FAMILY CEREAL
2009-12-09,367,3000006340,12,12,10,32.88,2.74,2.74,0,0,0,QKER LIFE ORIGINAL,COLD CEREAL,ALL FAMILY CEREAL
2009-12-16,367,3000006340,2,2,2,5.48,2.74,2.74,0,0,0,QKER LIFE ORIGINAL,COLD CEREAL,ALL FAMILY CEREAL
2009-12-23,367,3000006340,17,15,15,32.81,1.93,2.74,1,1,0,QKER LIFE ORIGINAL,COLD CEREAL,ALL FAMILY CEREAL
2009-12-30,367,3000006340,9,8,8,17.82,1.98,2.74,1,1,0,QKER LIFE ORIGINAL,COLD CEREAL,ALL FAMILY CEREAL
2010-01-06,367,3000006340,18,17,16,34.74,1.93,2.74,0,1,0,QKER LIFE ORIGINAL,COLD CEREAL,ALL FAMILY CEREAL
2010-01-13,367,3000006340,21,20,18,42.84,2.04,2.74,1,1,0,QKER LIFE ORIGINAL,COLD CEREAL,ALL FAMILY CEREAL
2010-01-20,367,3000006340,7,6,5,19.18,2.74,2.74,0,0,0,QKER LIFE ORIGINAL,COLD CEREAL,ALL FAMILY CEREAL
2010-01-27,367,3000006340,8,6,4,21.92,2.74,2.74,0,0,0,QKER LIFE ORIGINAL,COLD CEREAL,ALL FAMILY CEREAL
2010-02-03,367,3000006340,4,4,3,10.96,2.74,2.74,0,0,0,QKER LIFE ORIGINAL,COLD CEREAL,ALL FAMILY CEREAL
2010-02-10,367,3000006340,8,6,6,21.92,2.74,2.74,0,0,0,QKER LIFE ORIGINAL,COLD CEREAL,ALL FAMILY CEREAL
2010-02-17,367,3000006340,5,4,4,13.7,2.74,2.74,0,0,0,QKER LIFE ORIGINAL,COLD CEREAL,ALL FAMILY CEREAL
2010-02-24,367,3000006340,6,6,2,16.44,2.74,2.74,0,0,0,QKER LIFE ORIGINAL,COLD CEREAL,ALL FAMILY CEREAL
2010-03-03,367,3000006340,6,6,4,16.44,2.74,2.74,0,0,0,QKER LIFE ORIGINAL,COLD CEREAL,ALL FAMILY CEREAL
2010-03-10,367,3000006340,13,13,9,35.62,2.74,2.74,0,0,0,QKER LIFE ORIGINAL,COLD CEREAL,ALL FAMILY CEREAL
2010-03-17,367,3000006340,1,1,1,2.74,2.74,2.74,0,0,0,QKER LIFE ORIGINAL,COLD CEREAL,ALL FAMILY CEREAL
2010-03-24,367,3000006340,5,5,5,13.7,2.74,2.74,0,0,0,QKER LIFE ORIGINAL,COLD CEREAL,ALL FAMILY CEREAL
2010-03-31,367,3000006340,10,9,7,27.4,2.74,2.74,0,0,0,QKER LIFE ORIGINAL,COLD CEREAL,ALL FAMILY CEREAL
2010-04-07,367,3000006340,16,15,12,43.84,2.74,2.74,0,0,0,QKER LIFE ORIGINAL,COLD CEREAL,ALL FAMILY CEREAL
2010-04-14,367,3000006340,5,5,4,13.7,2.74,2.74,0,0,0,QKER LIFE ORIGINAL,COLD CEREAL,ALL FAMILY CEREAL
2010-04-28,367,3000006340,5,5,3,13.7,2.74,2.74,0,0,0,QKER LIFE ORIGINAL,COLD CEREAL,ALL FAMILY CEREAL
2010-05-05,367,3000006340,2,2,2,5.48,2.74,2.74,0,0,0,QKER LIFE ORIGINAL,COLD CEREAL,ALL FAMILY CEREAL
2010-05-12,367,3000006340,9,8,6,24.66,2.74,2.74,0,0,0,QKER LIFE ORIGINAL,COLD CEREAL,ALL FAMILY CEREAL
2010-05-19,367,3000006340,10,9,6,27.4,2.74,2.74,0,0,0,QKER LIFE ORIGINAL,COLD CEREAL,ALL FAMILY CEREAL
2010-05-26,367,3000006340,8,8,7,21.92,2.74,2.74,0,0,0,QKER LIFE ORIGINAL,COLD CEREAL,ALL FAMILY CEREAL
2010-06-02,367,3000006340,1,1,1,2.74,2.74,2.74,0,0,0,QKER LIFE ORIGINAL,COLD CEREAL,ALL FAMILY CEREAL
2010-06-09,367,3000006340,7,7,5,19.18,2.74,2.74,0,0,0,QKER LIFE ORIGINAL,COLD CEREAL,ALL FAMILY CEREAL
2010-06-16,367,3000006340,7,7,5,19.18,2.74,2.74,0,0,0,QKER LIFE ORIGINAL,COLD CEREAL,ALL FAMILY CEREAL
2010-06-23,367,3000006340,5,5,5,13.7,2.74,2.74,0,0,0,QKER LIFE ORIGINAL,COLD CEREAL,ALL FAMILY CEREAL
2010-06-30,367,3000006340,3,3,3,8.22,2.74,2.74,0,0,0,QKER LIFE ORIGINAL,COLD CEREAL,ALL FAMILY CEREAL
2010-07-07,367,3000006340,7,7,5,19.18,2.74,2.74,0,0,0,QKER LIFE ORIGINAL,COLD CEREAL,ALL FAMILY CEREAL
2010-07-14,367,3000006340,7,7,5,19.18,2.74,2.74,0,0,0,QKER LIFE ORIGINAL,COLD CEREAL,ALL FAMILY CEREAL
2010-07-21,367,3000006340,3,3,1,8.22,2.74,2.74,0,0,0,QKER LIFE ORIGINAL,COLD CEREAL,ALL FAMILY CEREAL
2010-07-28,367,3000006340,4,4,2,10.96,2.74,2.74,0,0,0,QKER LIFE ORIGINAL,COLD CEREAL,ALL FAMILY CEREAL
2010-08-04,367,3000006340,1,1,1,2.74,2.74,2.74,0,0,0,QKER LIFE ORIGINAL,COLD CEREAL,ALL FAMILY CEREAL
2010-08-11,367,3000006340,39,28,26,87.75,2.25,2.74,1,0,0,QKER LIFE ORIGINAL,COLD CEREAL,ALL FAMILY CEREAL
2010-08-18,367,3000006340,5,3,3,14.3,2.86,2.74,0,1,0,QKER LIFE ORIGINAL,COLD CEREAL,ALL FAMILY CEREAL
2010-08-25,367,3000006340,5,5,2,20.45,4.09,4.09,0,0,0,QKER LIFE ORIGINAL,COLD CEREAL,ALL FAMILY CEREAL
2010-09-01,367,3000006340,3,3,3,12.27,4.09,4.09,0,0,0,QKER LIFE ORIGINAL,COLD CEREAL,ALL FAMILY CEREAL
2010-09-08,367,3000006340,24,22,16,58.08,2.42,4.09,1,1,0,QKER LIFE ORIGINAL,COLD CEREAL,ALL FAMILY CEREAL
2010-09-15,367,3000006340,23,21,20,49.22,2.14,4.09,1,1,0,QKER LIFE ORIGINAL,COLD CEREAL,ALL FAMILY CEREAL
2010-09-22,367,3000006340,15,12,11,29.7,1.98,4.09,1,1,0,QKER LIFE ORIGINAL,COLD CEREAL,ALL FAMILY CEREAL
2010-09-29,367,3000006340,7,6,5,18.06,2.58,4.09,0,0,1,QKER LIFE ORIGINAL,COLD CEREAL,ALL FAMILY CEREAL
2010-10-06,367,3000006340,2,2,2,8.18,4.09,4.09,0,0,0,QKER LIFE ORIGINAL,COLD CEREAL,ALL FAMILY CEREAL
2010-10-13,367,3000006340,3,3,2,12.27,4.09,4.09,0,0,0,QKER LIFE ORIGINAL,COLD CEREAL,ALL FAMILY CEREAL
2010-10-20,367,3000006340,3,3,2,12.27,4.09,4.09,0,0,0,QKER LIFE ORIGINAL,COLD CEREAL,ALL FAMILY CEREAL
2010-10-27,367,3000006340,3,3,3,12.27,4.09,4.09,0,0,0,QKER LIFE ORIGINAL,COLD CEREAL,ALL FAMILY CEREAL
2010-11-03,367,3000006340,5,4,2,20.45,4.09,4.09,0,0,0,QKER LIFE ORIGINAL,COLD CEREAL,ALL FAMILY CEREAL
2010-11-10,367,3000006340,28,17,15,62.16,2.22,4.09,1,0,0,QKER LIFE ORIGINAL,COLD CEREAL,ALL FAMILY CEREAL
2010-11-17,367,3000006340,10,7,7,21.9,2.19,4.09,0,0,1,QKER LIFE ORIGINAL,COLD CEREAL,ALL FAMILY CEREAL
2010-11-24,367,3000006340,3,3,2,12.27,4.09,4.09,0,0,0,QKER LIFE ORIGINAL,COLD CEREAL,ALL FAMILY CEREAL
2010-12-01,367,3000006340,1,1,1,4.09,4.09,4.09,0,0,0,QKER LIFE ORIGINAL,COLD CEREAL,ALL FAMILY CEREAL
2010-12-08,367,3000006340,3,3,2,12.27,4.09,4.09,0,0,0,QKER LIFE ORIGINAL,COLD CEREAL,ALL FAMILY CEREAL
2010-12-15,367,3000006340,5,5,4,20.45,4.09,4.09,0,0,0,QKER LIFE ORIGINAL,COLD CEREAL,ALL FAMILY CEREAL
2010-12-22,367,3000006340,6,5,5,14.1,2.35,4.09,0,0,1,QKER LIFE ORIGINAL,COLD CEREAL,ALL FAMILY CEREAL
2010-12-29,367,3000006340,9,7,6,22.14,2.46,4.09,0,0,1,QKER LIFE ORIGINAL,COLD CEREAL,ALL FAMILY CEREAL
2011-01-05,367,3000006340,7,7,3,28.63,4.09,4.09,0,0,0,QKER LIFE ORIGINAL,COLD CEREAL,ALL FAMILY CEREAL
2011-01-12,367,3000006340,1,1,1,4.09,4.09,4.09,0,0,0,QKER LIFE ORIGINAL,COLD CEREAL,ALL FAMILY CEREAL
2011-01-19,367,3000006340,3,3,2,13.26,4.42,4.42,0,0,0,QKER LIFE ORIGINAL,COLD CEREAL,ALL FAMILY CEREAL
2011-01-26,367,3000006340,2,2,2,8.84,4.42,4.42,0,0,0,QKER LIFE ORIGINAL,COLD CEREAL,ALL FAMILY CEREAL
2011-02-02,367,3000006340,3,3,2,13.26,4.42,4.42,0,0,0,QKER LIFE ORIGINAL,COLD CEREAL,ALL FAMILY CEREAL
2011-02-09,367,3000006340,4,4,2,14.36,3.59,4.42,0,0,1,QKER LIFE ORIGINAL,COLD CEREAL,ALL FAMILY CEREAL
2011-02-16,367,3000006340,18,16,15,35.64,1.98,4.42,1,0,0,QKER LIFE ORIGINAL,COLD CEREAL,ALL FAMILY CEREAL
2011-02-23,367,3000006340,15,13,12,29.85,1.99,4.42,0,0,1,QKER LIFE ORIGINAL,COLD CEREAL,ALL FAMILY CEREAL
2011-03-02,367,3000006340,8,7,3,28.72,3.59,4.42,0,0,1,QKER LIFE ORIGINAL,COLD CEREAL,ALL FAMILY CEREAL
2011-03-09,367,3000006340,6,6,4,21.54,3.59,4.42,0,0,1,QKER LIFE ORIGINAL,COLD CEREAL,ALL FAMILY CEREAL
2011-03-16,367,3000006340,3,3,1,10.77,3.59,4.42,0,0,1,QKER LIFE ORIGINAL,COLD CEREAL,ALL FAMILY CEREAL
2011-03-23,367,3000006340,4,3,3,14.36,3.59,4.42,0,0,1,QKER LIFE ORIGINAL,COLD CEREAL,ALL FAMILY CEREAL
2011-03-30,367,3000006340,5,5,4,17.95,3.59,3.59,0,0,0,QKER LIFE ORIGINAL,COLD CEREAL,ALL FAMILY CEREAL
2011-04-06,367,3000006340,18,17,14,33.84,1.88,3.59,1,1,0,QKER LIFE ORIGINAL,COLD CEREAL,ALL FAMILY CEREAL
2011-04-13,367,3000006340,30,26,25,59.7,1.99,3.59,1,1,0,QKER LIFE ORIGINAL,COLD CEREAL,ALL FAMILY CEREAL
2011-04-20,367,3000006340,4,3,2,14.36,3.59,3.59,0,0,0,QKER LIFE ORIGINAL,COLD CEREAL,ALL FAMILY CEREAL
2011-04-27,367,3000006340,4,4,3,14.36,3.59,3.59,0,0,0,QKER LIFE ORIGINAL,COLD CEREAL,ALL FAMILY CEREAL
2011-05-04,367,3000006340,1,1,1,3.27,3.27,3.27,0,0,0,QKER LIFE ORIGINAL,COLD CEREAL,ALL FAMILY CEREAL
2011-05-11,367,3000006340,3,3,3,7.8,2.6,3.27,0,0,1,QKER LIFE ORIGINAL,COLD CEREAL,ALL FAMILY CEREAL
2011-05-18,367,3000006340,2,2,2,5.08,2.54,3.27,0,0,1,QKER LIFE ORIGINAL,COLD CEREAL,ALL FAMILY CEREAL
2011-05-25,367,3000006340,3,3,2,9.57,3.19,3.19,0,0,0,QKER LIFE ORIGINAL,COLD CEREAL,ALL FAMILY CEREAL
2011-06-01,367,3000006340,4,4,2,12.76,3.19,3.19,0,0,0,QKER LIFE ORIGINAL,COLD CEREAL,ALL FAMILY CEREAL
2011-06-08,367,3000006340,5,2,2,15.95,3.19,3.19,0,0,0,QKER LIFE ORIGINAL,COLD CEREAL,ALL FAMILY CEREAL
2011-06-15,367,3000006340,2,1,1,6.38,3.19,3.19,0,0,0,QKER LIFE ORIGINAL,COLD CEREAL,ALL FAMILY CEREAL
2011-06-29,367,3000006340,2,2,2,6.38,3.19,3.19,0,0,0,QKER LIFE ORIGINAL,COLD CEREAL,ALL FAMILY CEREAL
2011-07-06,367,3000006340,1,1,1,3.19,3.19,3.19,0,0,0,QKER LIFE ORIGINAL,COLD CEREAL,ALL FAMILY CEREAL
2011-07-13,367,3000006340,1,1,1,3.19,3.19,3.19,0,0,0,QKER LIFE ORIGINAL,COLD CEREAL,ALL FAMILY CEREAL
2011-07-20,367,3000006340,3,3,2,8.58,2.86,3.19,0,0,1,QKER LIFE ORIGINAL,COLD CEREAL,ALL FAMILY CEREAL
2011-07-27,367,3000006340,2,2,2,4.38,2.19,3.19,0,0,1,QKER LIFE ORIGINAL,COLD CEREAL,ALL FAMILY CEREAL
2011-08-03,367,3000006340,2,2,2,6.38,3.19,3.19,0,0,0,QKER LIFE ORIGINAL,COLD CEREAL,ALL FAMILY CEREAL
2011-08-10,367,3000006340,3,2,1,9.57,3.19,3.19,0,0,0,QKER LIFE ORIGINAL,COLD CEREAL,ALL FAMILY CEREAL
