EN/S04_Data_Structures_2/salesCerealsOriginal.csv
WEEK_END_DATE,STORE_NUM,UPC,UNITS,VISITS,HHS,SPEND,PRICE,BASE_PRICE,FEATURE,DISPLAY,TPR_ONLY,DESCRIPTION,CATEGORY,SUB_CATEGORY
2009-01-14,367,3800031829,14,11,3,43.96,3.14,3.14,0,0,0,KELL BITE SIZE MINI WHEAT,COLD CEREAL,ALL FAMILY CEREAL
2009-01-21,367,3800031829,17,13,6,53.38,3.14,3.14,0,0,0,KELL BITE SIZE MINI WHEAT,COLD CEREAL,ALL FAMILY CEREAL
2009-01-28,367,3800031829,23,19,8,72.22,3.14,3.14,0,0,0,KELL BITE SIZE MINI WHEAT,COLD CEREAL,ALL FAMILY CEREAL
2009-02-04,367,3800031829,25,23,10,78.5,3.14,3.14,0,0,0,KELL BITE SIZE MINI WHEAT,COLD CEREAL,ALL FAMILY CEREAL
2009-02-11,367,3800031829,23,19,11,72.22,3.14,3.14,0,0,0,KELL BITE SIZE MINI WHEAT,COLD CEREAL,ALL FAMILY CEREAL
2009-02-18,367,3800031829,16,13,6,50.24,3.14,3.14,0,0,0,KELL BITE SIZE MINI WHEAT,COLD CEREAL,ALL FAMILY CEREAL
2009-02-25,367,3800031829,17,13,7,53.38,3.14,3.14,0,0,0,KELL BITE SIZE MINI WHEAT,COLD CEREAL,ALL FAMILY CEREAL
2009-03-04,367,3800031829,31,25,6,97.34,3.14,3.14,0,0,0,KELL BITE SIZE MINI WHEAT,COLD CEREAL,ALL FAMILY CEREAL
2009-03-11,367,3800031829,34,28,14,106.76,3.14,3.14,0,0,0,KELL BITE SIZE MINI WHEAT,COLD CEREAL,ALL FAMILY CEREAL
2009-03-18,367,3800031829,29,24,15,79.46,2.74,3.14,1,0,0,KELL BITE SIZE MINI WHEAT,COLD CEREAL,ALL FAMILY CEREAL
2009-03-25,367,3800031829,30,26,13,85.8,2.86,3.14,1,0,0,KELL BITE SIZE MINI WHEAT,COLD CEREAL,ALL FAMILY CEREAL
2009-04-01,367,3800031829,37,31,14,106.93,2.89,2.89,0,0,0,KELL BITE SIZE MINI WHEAT,COLD CEREAL,ALL FAMILY CEREAL
2009-04-08,367,3800031829,29,25,14,91.06,3.14,3.14,0,0,0,KELL BITE SIZE MINI WHEAT,COLD CEREAL,ALL FAMILY CEREAL
2009-04-15,367,3800031829,15,12,6,47.1,3.14,3.14,0,0,0,KELL BITE SIZE MINI WHEAT,COLD CEREAL,ALL FAMILY CEREAL
2009-04-22,367,3800031829,19,15,6,62.51,3.29,3.29,0,0,0,KELL BITE SIZE MINI WHEAT,COLD CEREAL,ALL FAMILY CEREAL
2009-04-29,367,3800031829,21,16,7,69.09,3.29,3.29,0,0,0,KELL BITE SIZE MINI WHEAT,COLD CEREAL,ALL FAMILY CEREAL
2009-05-06,367,3800031829,32,29,20,90.24,2.82,3.29,0,0,1,KELL BITE SIZE MINI WHEAT,COLD CEREAL,ALL FAMILY CEREAL
2009-05-13,367,3800031829,75,63,55,163.5,2.18,3.29,1,1,0,KELL BITE SIZE MINI WHEAT,COLD CEREAL,ALL FAMILY CEREAL
2009-05-20,367,3800031829,66,53,43,176.22,2.67,3.29,0,1,0,KELL BITE SIZE MINI WHEAT,COLD CEREAL,ALL FAMILY CEREAL
2009-05-27,367,3800031829,18,16,8,59.22,3.29,3.29,0,0,0,KELL BITE SIZE MINI WHEAT,COLD CEREAL,ALL FAMILY CEREAL
2009-06-03,367,3800031829,32,28,12,105.28,3.29,3.29,0,0,0,KELL BITE SIZE MINI WHEAT,COLD CEREAL,ALL FAMILY CEREAL
2009-06-10,367,3800031829,21,20,10,69.09,3.29,3.29,0,0,0,KELL BITE SIZE MINI WHEAT,COLD CEREAL,ALL FAMILY CEREAL
2009-06-17,367,3800031829,13,12,9,42.77,3.29,3.29,0,0,0,KELL BITE SIZE MINI WHEAT,COLD CEREAL,ALL FAMILY CEREAL
2009-06-24,367,3800031829,23,19,8,75.67,3.29,3.29,0,0,0,KELL BITE SIZE MINI WHEAT,COLD CEREAL,ALL FAMILY CEREAL
2009-07-01,367,3800031829,34,25,7,111.86,3.29,3.29,0,0,0,KELL BITE SIZE MINI WHEAT,COLD CEREAL,ALL FAMILY CEREAL
2009-07-08,367,3800031829,27,23,9,88.83,3.29,3.29,0,0,0,KELL BITE SIZE MINI WHEAT,COLD CEREAL,ALL FAMILY CEREAL
2009-07-15,367,3800031829,7,6,4,23.03,3.29,3.29,0,0,0,KELL BITE SIZE MINI WHEAT,COLD CEREAL,ALL FAMILY CEREAL
2009-07-22,367,3800031829,18,15,5,58.32,3.24,3.29,1,0,0,KELL BITE SIZE MINI WHEAT,COLD CEREAL,ALL FAMILY CEREAL
2009-07-29,367,3800031829,35,30,10,111.65,3.19,3.29,1,0,0,KELL BITE SIZE MINI WHEAT,COLD CEREAL,ALL FAMILY CEREAL
2009-08-05,367,3800031829,32,29,15,103.36,3.23,3.23,0,0,0,KELL BITE SIZE MINI WHEAT,COLD CEREAL,ALL FAMILY CEREAL
2009-08-12,367,3800031829,26,24,17,85.54,3.29,3.29,0,0,0,KELL BITE SIZE MINI WHEAT,COLD CEREAL,ALL FAMILY CEREAL
2009-08-19,367,3800031829,22,17,9,72.38,3.29,3.29,0,0,0,KELL BITE SIZE MINI WHEAT,COLD CEREAL,ALL FAMILY CEREAL
2009-08-26,367,3800031829,38,32,14,125.02,3.29,3.29,0,0,0,KELL BITE SIZE MINI WHEAT,COLD CEREAL,ALL FAMILY CEREAL
2009-09-02,367,3800031829,23,21,6,75.67,3.29,3.29,0,0,0,KELL BITE SIZE MINI WHEAT,COLD CEREAL,ALL FAMILY CEREAL
2009-09-09,367,3800031829,5,5,4,16.45,3.29,3.29,0,0,0,KELL BITE SIZE MINI WHEAT,COLD CEREAL,ALL FAMILY CEREAL
2009-09-16,367,3800031829,20,15,10,65.6,3.28,3.28,0,0,0,KELL BITE SIZE MINI WHEAT,COLD CEREAL,ALL FAMILY CEREAL
2009-09-23,367,3800031829,29,23,10,95.41,3.29,3.29,0,0,0,KELL BITE SIZE MINI WHEAT,COLD CEREAL,ALL FAMILY CEREAL
2009-09-30,367,3800031829,36,31,13,118.44,3.29,3.29,0,0,0,KELL BITE SIZE MINI WHEAT,COLD CEREAL,ALL FAMILY CEREAL
2009-10-07,367,3800031829,43,41,24,141.47,3.29,3.29,0,1,0,KELL BITE SIZE MINI WHEAT,COLD CEREAL,ALL FAMILY CEREAL
2009-10-14,367,3800031829,46,36,29,151.34,3.29,3.29,0,1,0,KELL BITE SIZE MINI WHEAT,COLD CEREAL,ALL FAMILY CEREAL
2009-10-21,367,3800031829,22,19,10,72.38,3.29,3.29,0,0,0,KELL BITE SIZE MINI WHEAT,COLD CEREAL,ALL FAMILY CEREAL
2009-10-28,367,3800031829,37,33,16,121.73,3.29,3.29,0,0,0,KELL BITE SIZE MINI WHEAT,COLD CEREAL,ALL FAMILY CEREAL
2009-11-04,367,3800031829,31,28,13,101.99,3.29,3.29,0,0,0,KELL BITE SIZE MINI WHEAT,COLD CEREAL,ALL FAMILY CEREAL
2009-11-11,367,3800031829,32,29,18,105.28,3.29,3.29,0,0,0,KELL BITE SIZE MINI WHEAT,COLD CEREAL,ALL FAMILY CEREAL
2009-11-18,367,3800031829,22,19,12,72.38,3.29,3.29,0,0,0,KELL BITE SIZE MINI WHEAT,COLD CEREAL,ALL FAMILY CEREAL
2009-11-25,367,3800031829,7,6,6,20.3,2.9,3.29,1,0,0,KELL BITE SIZE MINI WHEAT,COLD CEREAL,ALL FAMILY CEREAL
2009-12-02,367,3800031829,36,32,15,105.84,2.94,3.29,0,0,1,KELL BITE SIZE MINI WHEAT,COLD CEREAL,ALL FAMILY CEREAL
2009-12-09,367,3800031829,25,19,12,82.25,3.29,3.29,0,0,0,KELL BITE SIZE MINI WHEAT,COLD CEREAL,ALL FAMILY CEREAL
2009-12-16,367,3800031829,23,20,6,75.67,3.29,3.29,0,0,0,KELL BITE SIZE MINI WHEAT,COLD CEREAL,ALL FAMILY CEREAL
2009-12-23,367,3800031829,8,7,3,26.32,3.29,3.29,0,0,0,KELL BITE SIZE MINI WHEAT,COLD CEREAL,ALL FAMILY CEREAL
2009-12-30,367,3800031829,12,11,8,39.48,3.29,3.29,0,0,0,KELL BITE SIZE MINI WHEAT,COLD CEREAL,ALL FAMILY CEREAL
2010-01-06,367,3800031829,19,16,9,56.81,2.99,2.99,0,0,0,KELL BITE SIZE MINI WHEAT,COLD CEREAL,ALL FAMILY CEREAL
2010-01-13,367,3800031829,30,24,19,89.7,2.99,2.99,0,0,0,KELL BITE SIZE MINI WHEAT,COLD CEREAL,ALL FAMILY CEREAL
2010-01-20,367,3800031829,23,14,12,68.77,2.99,2.99,0,0,0,KELL BITE SIZE MINI WHEAT,COLD CEREAL,ALL FAMILY CEREAL
2010-01-27,367,3800031829,29,25,13,86.71,2.99,2.99,0,0,0,KELL BITE SIZE MINI WHEAT,COLD CEREAL,ALL FAMILY CEREAL
2010-02-03,367,3800031829,26,22,14,77.74,2.99,2.99,0,0,0,KELL BITE SIZE MINI WHEAT,COLD CEREAL,ALL FAMILY CEREAL
2010-02-10,367,3800031829,41,33,25,122.59,2.99,2.99,0,0,0,KELL BITE SIZE MINI WHEAT,COLD CEREAL,ALL FAMILY CEREAL
2010-02-17,367,3800031829,30,25,20,89.7,2.99,2.99,0,0,0,KELL BITE SIZE MINI WHEAT,COLD CEREAL,ALL FAMILY CEREAL
2010-02-24,367,3800031829,18,16,9,53.82,2.99,2.99,0,0,0,KELL BITE SIZE MINI WHEAT,COLD CEREAL,ALL FAMILY CEREAL
2010-03-03,367,3800031829,43,38,21,116.53,2.71,2.99,1,0,0,KELL BITE SIZE MINI WHEAT,COLD CEREAL,ALL FAMILY CEREAL
2010-03-10,367,3800031829,34,29,16,101.66,2.99,2.99,0,0,0,KELL BITE SIZE MINI WHEAT,COLD CEREAL,ALL FAMILY CEREAL
2010-03-17,367,3800031829,9,8,7,26.91,2.99,2.99,0,0,0,KELL BITE SIZE MINI WHEAT,COLD CEREAL,ALL FAMILY CEREAL
2010-03-24,367,3800031829,43,35,25,122.55,2.85,2.99,1,0,0,KELL BITE SIZE MINI WHEAT,COLD CEREAL,ALL FAMILY CEREAL
2010-03-31,367,3800031829,32,28,18,91.84,2.87,2.99,1,0,0,KELL BITE SIZE MINI WHEAT,COLD CEREAL,ALL FAMILY CEREAL
2010-04-07,367,3800031829,35,28,15,104.65,2.99,2.99,0,0,0,KELL BITE SIZE MINI WHEAT,COLD CEREAL,ALL FAMILY CEREAL
2010-04-14,367,3800031829,35,28,18,104.65,2.99,2.99,0,0,0,KELL BITE SIZE MINI WHEAT,COLD CEREAL,ALL FAMILY CEREAL
2010-04-21,367,3800031829,30,24,14,89.7,2.99,2.99,0,0,0,KELL BITE SIZE MINI WHEAT,COLD CEREAL,ALL FAMILY CEREAL
2010-04-28,367,3800031829,26,22,11,77.74,2.99,2.99,0,0,0,KELL BITE SIZE MINI WHEAT,COLD CEREAL,ALL FAMILY CEREAL
2010-05-05,367,3800031829,29,24,8,82.36,2.84,2.99,1,0,0,KELL BITE SIZE MINI WHEAT,COLD CEREAL,ALL FAMILY CEREAL
2010-05-12,367,3800031829,30,22,13,89.7,2.99,2.99,0,0,0,KELL BITE SIZE MINI WHEAT,COLD CEREAL,ALL FAMILY CEREAL
2010-05-19,367,3800031829,18,15,9,53.82,2.99,2.99,0,0,0,KELL BITE SIZE MINI WHEAT,COLD CEREAL,ALL FAMILY CEREAL
2010-05-26,367,3800031829,26,22,10,77.74,2.99,2.99,0,0,0,KELL BITE SIZE MINI WHEAT,COLD CEREAL,ALL FAMILY CEREAL
2010-06-02,367,3800031829,36,26,13,107.64,2.99,2.99,0,0,0,KELL BITE SIZE MINI WHEAT,COLD CEREAL,ALL FAMILY CEREAL
2010-06-09,367,3800031829,37,28,22,110.63,2.99,2.99,0,0,0,KELL BITE SIZE MINI WHEAT,COLD CEREAL,ALL FAMILY CEREAL
2010-06-16,367,3800031829,29,20,14,78.3,2.7,2.99,1,0,0,KELL BITE SIZE MINI WHEAT,COLD CEREAL,ALL FAMILY CEREAL
2010-06-23,367,3800031829,28,23,13,76.44,2.73,2.73,0,0,0,KELL BITE SIZE MINI WHEAT,COLD CEREAL,ALL FAMILY CEREAL
2010-06-30,367,3800031829,18,17,7,53.82,2.99,2.99,0,0,0,KELL BITE SIZE MINI WHEAT,COLD CEREAL,ALL FAMILY CEREAL
2010-07-07,367,3800031829,26,20,10,77.74,2.99,2.99,0,0,0,KELL BITE SIZE MINI WHEAT,COLD CEREAL,ALL FAMILY CEREAL
2010-07-14,367,3800031829,32,26,23,69.76,2.18,2.99,1,0,0,KELL BITE SIZE MINI WHEAT,COLD CEREAL,ALL FAMILY CEREAL
2010-07-21,367,3800031829,23,20,8,68.77,2.99,2.99,0,0,0,KELL BITE SIZE MINI WHEAT,COLD CEREAL,ALL FAMILY CEREAL
2010-07-28,367,3800031829,17,14,9,50.83,2.99,2.99,0,0,0,KELL BITE SIZE MINI WHEAT,COLD CEREAL,ALL FAMILY CEREAL
2010-08-04,367,3800031829,13,12,9,38.87,2.99,2.99,0,0,0,KELL BITE SIZE MINI WHEAT,COLD CEREAL,ALL FAMILY CEREAL
2010-08-11,367,3800031829,26,24,17,77.74,2.99,2.99,0,0,0,KELL BITE SIZE MINI WHEAT,COLD CEREAL,ALL FAMILY CEREAL
2010-08-18,367,3800031829,9,9,8,26.91,2.99,2.99,0,0,0,KELL BITE SIZE MINI WHEAT,COLD CEREAL,ALL FAMILY CEREAL
2010-08-25,367,3800031829,13,12,3,38.87,2.99,2.99,0,0,0,KELL BITE SIZE MINI WHEAT,COLD CEREAL,ALL FAMILY CEREAL
2010-09-01,367,3800031829,20,16,6,59.8,2.99,2.99,0,0,0,KELL BITE SIZE MINI WHEAT,COLD CEREAL,ALL FAMILY CEREAL
2010-09-08,367,3800031829,21,17,7,62.79,2.99,2.99,0,0,0,KELL BITE SIZE MINI WHEAT,COLD CEREAL,ALL FAMILY CEREAL
2010-09-22,367,3800031829,23,19,11,68.77,2.99,2.99,0,0,0,KELL BITE SIZE MINI WHEAT,COLD CEREAL,ALL FAMILY CEREAL
2010-09-29,367,3800031829,20,17,8,59.8,2.99,2.99,0,0,0,KELL BITE SIZE MINI WHEAT,COLD CEREAL,ALL FAMILY CEREAL
2010-10-06,367,3800031829,29,23,9,86.71,2.99,2.99,0,0,0,KELL BITE SIZE MINI WHEAT,COLD CEREAL,ALL FAMILY CEREAL
2010-10-13,367,3800031829,16,15,11,47.84,2.99,2.99,0,0,0,KELL BITE SIZE MINI WHEAT,COLD CEREAL,ALL FAMILY CEREAL
2010-10-20,367,3800031829,30,25,13,89.7,2.99,2.99,0,0,0,KELL BITE SIZE MINI WHEAT,COLD CEREAL,ALL FAMILY CEREAL
2010-10-27,367,3800031829,35,28,12,97.65,2.79,2.79,0,0,0,KELL BITE SIZE MINI WHEAT,COLD CEREAL,ALL FAMILY CEREAL
2010-11-03,367,3800031829,26,20,13,69.94,2.69,2.69,0,0,0,KELL BITE SIZE MINI WHEAT,COLD CEREAL,ALL FAMILY CEREAL
2010-11-10,367,3800031829,31,24,14,84.32,2.72,2.72,0,0,0,KELL BITE SIZE MINI WHEAT,COLD CEREAL,ALL FAMILY CEREAL
2010-11-17,367,3800031829,12,12,10,31.44,2.62,2.62,0,0,0,KELL BITE SIZE MINI WHEAT,COLD CEREAL,ALL FAMILY CEREAL
2010-11-24,367,3800031829,16,13,10,43.68,2.73,2.73,0,0,0,KELL BITE SIZE MINI WHEAT,COLD CEREAL,ALL FAMILY CEREAL
2010-12-01,367,3800031829,13,11,4,44.59,3.43,3.43,0,0,0,KELL BITE SIZE MINI WHEAT,COLD CEREAL,ALL FAMILY CEREAL
2010-12-08,367,3800031829,21,15,9,72.03,3.43,3.43,0,0,0,KELL BITE SIZE MINI WHEAT,COLD CEREAL,ALL FAMILY CEREAL
2010-12-15,367,3800031829,19,15,9,65.17,3.43,3.43,0,0,0,KELL BITE SIZE MINI WHEAT,COLD CEREAL,ALL FAMILY CEREAL
2010-12-22,367,3800031829,10,10,7,34.3,3.43,3.43,0,0,0,KELL BITE SIZE MINI WHEAT,COLD CEREAL,ALL FAMILY CEREAL
2010-12-29,367,3800031829,18,13,5,61.74,3.43,3.43,0,0,0,KELL BITE SIZE MINI WHEAT,COLD CEREAL,ALL FAMILY CEREAL
2011-01-05,367,3800031829,17,15,8,58.31,3.43,3.43,0,0,0,KELL BITE SIZE MINI WHEAT,COLD CEREAL,ALL FAMILY CEREAL
2011-01-12,367,3800031829,15,13,8,51.45,3.43,3.43,0,0,0,KELL BITE SIZE MINI WHEAT,COLD CEREAL,ALL FAMILY CEREAL
2011-01-19,367,3800031829,17,12,8,58.31,3.43,3.43,0,0,0,KELL BITE SIZE MINI WHEAT,COLD CEREAL,ALL FAMILY CEREAL
2011-01-26,367,3800031829,13,10,6,44.59,3.43,3.43,0,0,0,KELL BITE SIZE MINI WHEAT,COLD CEREAL,ALL FAMILY CEREAL
2011-02-02,367,3800031829,16,14,8,54.88,3.43,3.43,0,0,0,KELL BITE SIZE MINI WHEAT,COLD CEREAL,ALL FAMILY CEREAL
2011-02-09,367,3800031829,22,19,12,72.6,3.3,3.3,0,0,0,KELL BITE SIZE MINI WHEAT,COLD CEREAL,ALL FAMILY CEREAL
2011-02-16,367,3800031829,38,35,28,102.6,2.7,3.3,1,1,0,KELL BITE SIZE MINI WHEAT,COLD CEREAL,ALL FAMILY CEREAL
2011-02-23,367,3800031829,41,36,31,109.06,2.66,3.3,0,1,0,KELL BITE SIZE MINI WHEAT,COLD CEREAL,ALL FAMILY CEREAL
2011-03-02,367,3800031829,47,40,29,132.54,2.82,3.3,0,1,0,KELL BITE SIZE MINI WHEAT,COLD CEREAL,ALL FAMILY CEREAL
2011-03-09,367,3800031829,18,15,9,61.74,3.43,3.43,0,0,0,KELL BITE SIZE MINI WHEAT,COLD CEREAL,ALL FAMILY CEREAL
2011-03-16,367,3800031829,23,19,11,78.89,3.43,3.43,0,0,0,KELL BITE SIZE MINI WHEAT,COLD CEREAL,ALL FAMILY CEREAL
2011-03-23,367,3800031829,21,16,11,72.03,3.43,3.43,0,0,0,KELL BITE SIZE MINI WHEAT,COLD CEREAL,ALL FAMILY CEREAL
2011-03-30,367,3800031829,23,19,12,78.89,3.43,3.43,0,0,0,KELL BITE SIZE MINI WHEAT,COLD CEREAL,ALL FAMILY CEREAL
2011-04-06,367,3800031829,14,13,8,50.68,3.62,3.62,0,0,0,KELL BITE SIZE MINI WHEAT,COLD CEREAL,ALL FAMILY CEREAL
2011-04-13,367,3800031829,16,13,8,57.92,3.62,3.62,0,0,0,KELL BITE SIZE MINI WHEAT,COLD CEREAL,ALL FAMILY CEREAL
2011-04-20,367,3800031829,14,13,8,50.68,3.62,3.62,0,0,0,KELL BITE SIZE MINI WHEAT,COLD CEREAL,ALL FAMILY CEREAL
2011-04-27,367,3800031829,12,10,4,43.44,3.62,3.62,0,0,0,KELL BITE SIZE MINI WHEAT,COLD CEREAL,ALL FAMILY CEREAL
2011-05-04,367,3800031829,20,14,9,72.4,3.62,3.62,0,0,0,KELL BITE SIZE MINI WHEAT,COLD CEREAL,ALL FAMILY CEREAL
2011-05-11,367,3800031829,16,12,9,57.92,3.62,3.62,0,0,0,KELL BITE SIZE MINI WHEAT,COLD CEREAL,ALL FAMILY CEREAL
2011-05-18,367,3800031829,13,12,7,47.06,3.62,3.62,0,0,0,KELL BITE SIZE MINI WHEAT,COLD CEREAL,ALL FAMILY CEREAL
2011-05-25,367,3800031829,21,18,13,76.02,3.62,3.62,0,0,0,KELL BITE SIZE MINI WHEAT,COLD CEREAL,ALL FAMILY CEREAL
2011-06-01,367,3800031829,19,13,6,68.78,3.62,3.62,0,0,0,KELL BITE SIZE MINI WHEAT,COLD CEREAL,ALL FAMILY CEREAL
2011-06-08,367,3800031829,17,15,9,61.54,3.62,3.62,0,0,0,KELL BITE SIZE MINI WHEAT,COLD CEREAL,ALL FAMILY CEREAL
2011-06-15,367,3800031829,12,10,8,43.44,3.62,3.62,0,0,0,KELL BITE SIZE MINI WHEAT,COLD CEREAL,ALL FAMILY CEREAL
2011-06-22,367,3800031829,35,31,28,97.3,2.78,3.62,1,1,0,KELL BITE SIZE MINI WHEAT,COLD CEREAL,ALL FAMILY CEREAL
2011-06-29,367,3800031829,46,35,25,128.34,2.79,3.62,1,1,0,KELL BITE SIZE MINI WHEAT,COLD CEREAL,ALL FAMILY CEREAL
2011-07-06,367,3800031829,24,18,12,86.88,3.62,3.62,0,0,0,KELL BITE SIZE MINI WHEAT,COLD CEREAL,ALL FAMILY CEREAL
2011-07-13,367,3800031829,19,14,9,68.78,3.62,3.62,0,0,0,KELL BITE SIZE MINI WHEAT,COLD CEREAL,ALL FAMILY CEREAL
2011-07-20,367,3800031829,25,21,14,90.5,3.62,3.62,0,0,0,KELL BITE SIZE MINI WHEAT,COLD CEREAL,ALL FAMILY CEREAL
2011-07-27,367,3800031829,19,15,6,73.91,3.89,3.89,0,0,0,KELL BITE SIZE MINI WHEAT,COLD CEREAL,ALL FAMILY CEREAL
2011-08-03,367,3800031829,24,19,10,93.36,3.89,3.89,0,0,0,KELL BITE SIZE MINI WHEAT,COLD CEREAL,ALL FAMILY CEREAL
2011-08-10,367,3800031829,20,17,9,77.8,3.89,3.89,0,0,0,KELL BITE SIZE MINI WHEAT,COLD CEREAL,ALL FAMILY CEREAL
2011-08-17,367,3800031829,17,15,7,66.13,3.89,3.89,0,0,0,KELL BITE SIZE MINI WHEAT,COLD CEREAL,ALL FAMILY CEREAL
2011-08-24,367,3800031829,27,22,12,105.03,3.89,3.89,0,0,0,KELL BITE SIZE MINI WHEAT,COLD CEREAL,ALL FAMILY CEREAL
2011-08-31,367,3800031829,40,32,14,155.6,3.89,3.89,0,0,0,KELL BITE SIZE MINI WHEAT,COLD CEREAL,ALL FAMILY CEREAL
2011-09-07,367,3800031829,22,19,12,85.58,3.89,3.89,0,0,0,KELL BITE SIZE MINI WHEAT,COLD CEREAL,ALL FAMILY CEREAL
2011-09-14,367,3800031829,23,19,13,89.47,3.89,3.89,0,0,0,KELL BITE SIZE MINI WHEAT,COLD CEREAL,ALL FAMILY CEREAL
2011-09-21,367,3800031829,14,12,7,54.46,3.89,3.89,0,0,0,KELL BITE SIZE MINI WHEAT,COLD CEREAL,ALL FAMILY CEREAL
2011-09-28,367,3800031829,25,22,8,97.25,3.89,3.89,0,0,0,KELL BITE SIZE MINI WHEAT,COLD CEREAL,ALL FAMILY CEREAL
2011-10-05,367,3800031829,27,22,15,105.03,3.89,3.89,0,0,0,KELL BITE SIZE MINI WHEAT,COLD CEREAL,ALL FAMILY CEREAL
2011-10-12,367,3800031829,21,16,10,81.69,3.89,3.89,0,0,0,KELL BITE SIZE MINI WHEAT,COLD CEREAL,ALL FAMILY CEREAL
2011-10-19,367,3800031829,12,11,8,46.68,3.89,3.89,0,0,0,KELL BITE SIZE MINI WHEAT,COLD CEREAL,ALL FAMILY CEREAL
2011-10-26,367,3800031829,24,19,14,93.36,3.89,3.89,0,0,0,KELL BITE SIZE MINI WHEAT,COLD CEREAL,ALL FAMILY CEREAL
2011-11-02,367,3800031829,31,28,17,120.59,3.89,3.89,0,0,0,KELL BITE SIZE MINI WHEAT,COLD CEREAL,ALL FAMILY CEREAL
2011-11-09,367,3800031829,13,11,8,50.57,3.89,3.89,0,0,0,KELL BITE SIZE MINI WHEAT,COLD CEREAL,ALL FAMILY CEREAL
2011-11-16,367,3800031829,20,18,16,77.8,3.89,3.89,0,0,0,KELL BITE SIZE MINI WHEAT,COLD CEREAL,ALL FAMILY CEREAL
2011-11-23,367,3800031829,20,14,12,77.8,3.89,3.89,0,0,0,KELL BITE SIZE MINI WHEAT,COLD CEREAL,ALL FAMILY CEREAL
2011-11-30,367,3800031829,29,21,18,112.81,3.89,3.89,0,0,0,KELL BITE SIZE MINI WHEAT,COLD CEREAL,ALL FAMILY CEREAL
2011-12-07,367,3800031829,10,9,9,38.9,3.89,3.89,0,0,0,KELL BITE SIZE MINI WHEAT,COLD CEREAL,ALL FAMILY CEREAL
2011-12-14,367,3800031829,13,14,11,50.57,3.89,3.89,0,0,0,KELL BITE SIZE MINI WHEAT,COLD CEREAL,ALL FAMILY CEREAL
2011-12-21,367,3800031829,18,17,16,70.02,3.89,3.89,0,0,0,KELL BITE SIZE MINI WHEAT,COLD CEREAL,ALL FAMILY CEREAL
2011-12-28,367,3800031829,29,24,21,112.81,3.89,3.89,0,0,0,KELL BITE SIZE MINI WHEAT,COLD CEREAL,ALL FAMILY CEREAL
2012-01-04,367,3800031829,27,19,16,105.03,3.89,3.89,0,0,0,KELL BITE SIZE MINI WHEAT,COLD CEREAL,ALL FAMILY CEREAL
